Component: ARM Compiler 5.05 update 1 (build 106) Tool: armlink [4d0efa]

==============================================================================

Section Cross References

    main.o(i.Peripheral_Init) refers to systick.o(i.SysTick_Init) for SysTick_Init
    main.o(i.Peripheral_Init) refers to usart.o(i.USART1_Init) for USART1_Init
    main.o(i.Peripheral_Init) refers to led.o(i.LED_Init) for LED_Init
    main.o(i.Peripheral_Init) refers to fan_pwm.o(i.Fan_PWM_Init) for Fan_PWM_Init
    main.o(i.Peripheral_Init) refers to printfa.o(i.__0printf) for __2printf
    main.o(i.Peripheral_Init) refers to ws2812.o(i.RGB_Greenhouse_Init) for RGB_Greenhouse_Init
    main.o(i.Peripheral_Init) refers to greenhouse_display.o(i.Display_Init) for Display_Init
    main.o(i.Peripheral_Init) refers to greenhouse_control.o(i.Greenhouse_Init) for Greenhouse_Init
    main.o(i.Peripheral_Init) refers to greenhouse_display.o(i.Display_Title) for Display_Title
    main.o(i.Peripheral_Init) refers to ws2812.o(i.RGB_Show_Heart) for RGB_Show_Heart
    main.o(i.Peripheral_Init) refers to systick.o(i.delay_ms) for delay_ms
    main.o(i.Peripheral_Init) refers to ws2812.o(i.RGB_LED_Clear) for RGB_LED_Clear
    main.o(i.System_Clock_Init) refers to system_stm32f10x.o(i.SystemInit) for SystemInit
    main.o(i.main) refers to main.o(i.System_Clock_Init) for System_Clock_Init
    main.o(i.main) refers to main.o(i.Peripheral_Init) for Peripheral_Init
    main.o(i.main) refers to printfa.o(i.__0printf) for __2printf
    main.o(i.main) refers to dht11.o(i.DHT11_Init) for DHT11_Init
    main.o(i.main) refers to missing_functions_stub.o(i.RTC_Process_Interrupt) for RTC_Process_Interrupt
    main.o(i.main) refers to stm32f10x_gpio.o(i.GPIO_ReadInputDataBit) for GPIO_ReadInputDataBit
    main.o(i.main) refers to ws2812.o(i.RGB_Set_All_Color) for RGB_Set_All_Color
    main.o(i.main) refers to systick.o(i.delay_ms) for delay_ms
    main.o(i.main) refers to ws2812.o(i.RGB_LED_Clear) for RGB_LED_Clear
    main.o(i.main) refers to key.o(i.KEY_Scan) for KEY_Scan
    main.o(i.main) refers to greenhouse_control.o(i.Greenhouse_Process_Key) for Greenhouse_Process_Key
    main.o(i.main) refers to ws2812.o(i.RGB_Show_Robot) for RGB_Show_Robot
    main.o(i.main) refers to led.o(i.Fan_Get_Speed) for Fan_Get_Speed
    main.o(i.main) refers to ws2812.o(i.RGB_Show_Manual_Status_Face) for RGB_Show_Manual_Status_Face
    main.o(i.main) refers to greenhouse_control.o(i.Greenhouse_Task) for Greenhouse_Task
    main.o(i.main) refers to greenhouse_control.o(i.Greenhouse_Update_Display) for Greenhouse_Update_Display
    main.o(i.main) refers to led.o(i.LED_System_Toggle) for LED_System_Toggle
    main.o(i.main) refers to beep.o(i.BEEP_Task) for BEEP_Task
    main.o(i.main) refers to led.o(i.LED_Marquee_Update) for LED_Marquee_Update
    main.o(i.main) refers to greenhouse_control.o(i.Greenhouse_Handle_Bluetooth) for Greenhouse_Handle_Bluetooth
    main.o(i.main) refers to greenhouse_control.o(.bss) for greenhouse_status
    stm32f10x_it.o(i.RTC_IRQHandler) refers to stm32f10x_rtc.o(i.RTC_GetITStatus) for RTC_GetITStatus
    stm32f10x_it.o(i.RTC_IRQHandler) refers to stm32f10x_rtc.o(i.RTC_ClearITPendingBit) for RTC_ClearITPendingBit
    stm32f10x_it.o(i.RTC_IRQHandler) refers to missing_functions_stub.o(i.RTC_Process_Interrupt) for RTC_Process_Interrupt
    stm32f10x_it.o(i.SysTick_Handler) refers to main.o(.data) for system_time_ms
    startup_stm32f10x_hd.o(RESET) refers to startup_stm32f10x_hd.o(STACK) for __initial_sp
    startup_stm32f10x_hd.o(RESET) refers to startup_stm32f10x_hd.o(.text) for Reset_Handler
    startup_stm32f10x_hd.o(RESET) refers to stm32f10x_it.o(i.NMI_Handler) for NMI_Handler
    startup_stm32f10x_hd.o(RESET) refers to stm32f10x_it.o(i.HardFault_Handler) for HardFault_Handler
    startup_stm32f10x_hd.o(RESET) refers to stm32f10x_it.o(i.MemManage_Handler) for MemManage_Handler
    startup_stm32f10x_hd.o(RESET) refers to stm32f10x_it.o(i.BusFault_Handler) for BusFault_Handler
    startup_stm32f10x_hd.o(RESET) refers to stm32f10x_it.o(i.UsageFault_Handler) for UsageFault_Handler
    startup_stm32f10x_hd.o(RESET) refers to stm32f10x_it.o(i.SVC_Handler) for SVC_Handler
    startup_stm32f10x_hd.o(RESET) refers to stm32f10x_it.o(i.DebugMon_Handler) for DebugMon_Handler
    startup_stm32f10x_hd.o(RESET) refers to stm32f10x_it.o(i.PendSV_Handler) for PendSV_Handler
    startup_stm32f10x_hd.o(RESET) refers to stm32f10x_it.o(i.SysTick_Handler) for SysTick_Handler
    startup_stm32f10x_hd.o(RESET) refers to stm32f10x_it.o(i.RTC_IRQHandler) for RTC_IRQHandler
    startup_stm32f10x_hd.o(RESET) refers to usart.o(i.USART1_IRQHandler) for USART1_IRQHandler
    startup_stm32f10x_hd.o(RESET) refers to usart3.o(i.USART3_IRQHandler) for USART3_IRQHandler
    startup_stm32f10x_hd.o(.text) refers to system_stm32f10x.o(i.SystemInit) for SystemInit
    startup_stm32f10x_hd.o(.text) refers to entry.o(.ARM.Collect$$$$00000000) for __main
[...]
    i.RGB_Clear_Buffer                       0x08005d7c   Section        0  ws2812.o(i.RGB_Clear_Buffer)
    i.RGB_Greenhouse_Init                    0x08005dc4   Section        0  ws2812.o(i.RGB_Greenhouse_Init)
    i.RGB_LED_Clear                          0x08005e2c   Section        0  ws2812.o(i.RGB_LED_Clear)
    i.RGB_LED_Init                           0x08005e50   Section        0  ws2812.o(i.RGB_LED_Init)
    i.RGB_LED_Reset                          0x08005e88   Section        0  ws2812.o(i.RGB_LED_Reset)
    i.RGB_LED_Update                         0x08005ea8   Section        0  ws2812.o(i.RGB_LED_Update)
    i.RGB_LED_Write0                         0x08005f28   Section        0  ws2812.o(i.RGB_LED_Write0)
    i.RGB_LED_Write1                         0x08005f98   Section        0  ws2812.o(i.RGB_LED_Write1)
    i.RGB_LED_Write_24Bits                   0x08006008   Section        0  ws2812.o(i.RGB_LED_Write_24Bits)
    i.RGB_LED_Write_Byte                     0x08006024   Section        0  ws2812.o(i.RGB_LED_Write_Byte)
    i.RGB_Set_All_Color                      0x0800604a   Section        0  ws2812.o(i.RGB_Set_All_Color)
    i.RGB_Set_Brightness                     0x08006078   Section        0  ws2812.o(i.RGB_Set_Brightness)
    i.RGB_Set_Display_Mode                   0x08006088   Section        0  ws2812.o(i.RGB_Set_Display_Mode)
    i.RGB_Set_Pixel                          0x0800609c   Section        0  ws2812.o(i.RGB_Set_Pixel)
    i.RGB_Show_Check_Mark                    0x080060dc   Section        0  ws2812.o(i.RGB_Show_Check_Mark)
    i.RGB_Show_Cross                         0x0800612c   Section        0  ws2812.o(i.RGB_Show_Cross)
    i.RGB_Show_Heart                         0x0800617c   Section        0  ws2812.o(i.RGB_Show_Heart)
    i.RGB_Show_Humidity                      0x080061cc   Section        0  ws2812.o(i.RGB_Show_Humidity)
    i.RGB_Show_Light_Level                   0x08006240   Section        0  ws2812.o(i.RGB_Show_Light_Level)
    i.RGB_Show_Manual_Status_Face            0x080062a8   Section        0  ws2812.o(i.RGB_Show_Manual_Status_Face)
    i.RGB_Show_Robot                         0x08006334   Section        0  ws2812.o(i.RGB_Show_Robot)
    i.RGB_Show_Smiley                        0x08006384   Section        0  ws2812.o(i.RGB_Show_Smiley)
    i.RGB_Show_System_Status                 0x080063d4   Section        0  ws2812.o(i.RGB_Show_System_Status)
    i.RGB_Show_Temperature                   0x0800647c   Section        0  ws2812.o(i.RGB_Show_Temperature)
    i.RGB_Start_Breathing_Animation          0x080064fc   Section        0  ws2812.o(i.RGB_Start_Breathing_Animation)
    i.RGB_Start_Rainbow_Animation            0x08006510   Section        0  ws2812.o(i.RGB_Start_Rainbow_Animation)
    i.RGB_Start_Water_Flow_Animation         0x08006520   Section        0  ws2812.o(i.RGB_Start_Water_Flow_Animation)
    i.RTC_ClearITPendingBit                  0x08006530   Section        0  stm32f10x_rtc.o(i.RTC_ClearITPendingBit)
    i.RTC_Format_Date                        0x08006540   Section        0  missing_functions_stub.o(i.RTC_Format_Date)
    i.RTC_Format_Time                        0x0800656c   Section        0  missing_functions_stub.o(i.RTC_Format_Time)
    i.RTC_GetCounter                         0x08006598   Section        0  stm32f10x_rtc.o(i.RTC_GetCounter)
    i.RTC_GetITStatus                        0x080065ac   Section        0  stm32f10x_rtc.o(i.RTC_GetITStatus)
    i.RTC_Get_Month_Days                     0x080065d0   Section        0  missing_functions_stub.o(i.RTC_Get_Month_Days)
    i.RTC_IRQHandler                         0x08006600   Section        0  stm32f10x_it.o(i.RTC_IRQHandler)
    i.RTC_Init                               0x08006618   Section        0  missing_functions_stub.o(i.RTC_Init)
    i.RTC_Is_Leap_Year                       0x080066e0   Section        0  missing_functions_stub.o(i.RTC_Is_Leap_Year)
    i.RTC_Process_Interrupt                  0x08006714   Section        0  missing_functions_stub.o(i.RTC_Process_Interrupt)
    i.RTC_Timer_Check                        0x08006898   Section        0  missing_functions_stub.o(i.RTC_Timer_Check)
    i.SVC_Handler                            0x080069a4   Section        0  stm32f10x_it.o(i.SVC_Handler)
    i.SetSysClock                            0x080069a6   Section        0  system_stm32f10x.o(i.SetSysClock)
    SetSysClock                              0x080069a7   Thumb Code     8  system_stm32f10x.o(i.SetSysClock)
    i.SetSysClockTo72                        0x080069b0   Section        0  system_stm32f10x.o(i.SetSysClockTo72)
    SetSysClockTo72                          0x080069b1   Thumb Code   214  system_stm32f10x.o(i.SetSysClockTo72)
    i.SysTick_CLKSourceConfig                0x08006a90   Section        0  misc.o(i.SysTick_CLKSourceConfig)
    i.SysTick_Handler                        0x08006ab8   Section        0  stm32f10x_it.o(i.SysTick_Handler)
    i.SysTick_Init                           0x08006ac8   Section        0  systick.o(i.SysTick_Init)
    i.SystemInit                             0x08006b04   Section        0  system_stm32f10x.o(i.SystemInit)
    i.System_Clock_Init                      0x08006b64   Section        0  main.o(i.System_Clock_Init)
    i.TFTLCD_FSMC_Init                       0x08006b6c   Section        0  tftlcd.o(i.TFTLCD_FSMC_Init)
    i.TFTLCD_GPIO_Init                       0x08006bec   Section        0  tftlcd.o(i.TFTLCD_GPIO_Init)
    i.TFTLCD_Init                            0x08006c84   Section        0  tftlcd.o(i.TFTLCD_Init)
    i.TIM_ARRPreloadConfig                   0x08006ed8   Section        0  stm32f10x_tim.o(i.TIM_ARRPreloadConfig)
    i.TIM_Cmd                                0x08006ef0   Section        0  stm32f10x_tim.o(i.TIM_Cmd)
    i.TIM_GetCapture1                        0x08006f08   Section        0  stm32f10x_tim.o(i.TIM_GetCapture1)
    i.TIM_OC1Init                            0x08006f10   Section        0  stm32f10x_tim.o(i.TIM_OC1Init)
    i.TIM_OC1PreloadConfig                   0x08006fa8   Section        0  stm32f10x_tim.o(i.TIM_OC1PreloadConfig)
    i.TIM_SetCompare1                        0x08006fba   Section        0  stm32f10x_tim.o(i.TIM_SetCompare1)
    i.TIM_TimeBaseInit                       0x08006fc0   Section        0  stm32f10x_tim.o(i.TIM_TimeBaseInit)
    i.USART1_IRQHandler                      0x08007064   Section        0  usart.o(i.USART1_IRQHandler)
    i.USART1_Init                            0x080070e8   Section        0  usart.o(i.USART1_Init)
    i.USART3_IRQHandler                      0x08007188   Section        0  usart3.o(i.USART3_IRQHandler)
    i.USART3_Init                            0x0800720c   Section        0  usart3.o(i.USART3_Init)
    i.USART_Cmd                              0x080072b4   Section        0  stm32f10x_usart.o(i.USART_Cmd)
    i.USART_GetFlagStatus                    0x080072cc   Section        0  stm32f10x_usart.o(i.USART_GetFlagStatus)
    i.USART_ITConfig                         0x080072e6   Section        0  stm32f10x_usart.o(i.USART_ITConfig)
    i.USART_Init                             0x08007330   Section        0  stm32f10x_usart.o(i.USART_Init)
    i.USART_SendData                         0x08007408   Section        0  stm32f10x_usart.o(i.USART_SendData)
    i.UsageFault_Handler                     0x08007410   Section        0  stm32f10x_it.o(i.UsageFault_Handler)
    i.__0printf                              0x08007414   Section        0  printfa.o(i.__0printf)
    i.__0sprintf                             0x08007434   Section        0  printfa.o(i.__0sprintf)
    i.__0vsprintf                            0x0800745c   Section        0  printfa.o(i.__0vsprintf)
    i.__aeabi_errno_addr                     0x08007480   Section        0  errno.o(i.__aeabi_errno_addr)
    i.__scatterload_copy                     0x08007488   Section       14  handlers.o(i.__scatterload_copy)
    i.__scatterload_null                     0x08007496   Section        2  handlers.o(i.__scatterload_null)
    i.__scatterload_zeroinit                 0x08007498   Section       14  handlers.o(i.__scatterload_zeroinit)
    i._fp_digits                             0x080074a8   Section        0  printfa.o(i._fp_digits)
    _fp_digits                               0x080074a9   Thumb Code   334  printfa.o(i._fp_digits)
    i._printf_core                           0x0800760c   Section        0  printfa.o(i._printf_core)
    _printf_core                             0x0800760d   Thumb Code  1744  printfa.o(i._printf_core)
    i._printf_post_padding                   0x08007ce8   Section        0  printfa.o(i._printf_post_padding)
    _printf_post_padding                     0x08007ce9   Thumb Code    36  printfa.o(i._printf_post_padding)
    i._printf_pre_padding                    0x08007d0c   Section        0  printfa.o(i._printf_pre_padding)
    _printf_pre_padding                      0x08007d0d   Thumb Code    46  printfa.o(i._printf_pre_padding)
    i._sputc                                 0x08007d3a   Section        0  printfa.o(i._sputc)
    _sputc                                   0x08007d3b   Thumb Code    10  printfa.o(i._sputc)
    i.delay_ms                               0x08007d44   Section        0  systick.o(i.delay_ms)
    i.delay_us                               0x08007d90   Section        0  systick.o(i.delay_us)
    i.fputc                                  0x08007ddc   Section        0  usart.o(i.fputc)
    i.main                                   0x08007df8   Section        0  main.o(i.main)
    i.u3_printf                              0x080084cc   Section        0  usart3.o(i.u3_printf)
    .constdata                               0x0800851c   Section    18712  tftlcd.o(.constdata)
    .constdata                               0x0800ce34   Section       12  missing_functions_stub.o(.constdata)
    month_days                               0x0800ce34   Data          12  missing_functions_stub.o(.constdata)
    .constdata                               0x0800ce40   Section      245  ws2812.o(.constdata)
    .constdata                               0x0800cf35   Section      129  ctype_o.o(.constdata)
    .constdata                               0x0800cfb8   Section        4  ctype_o.o(.constdata)
    table                                    0x0800cfb8   Data           4  ctype_o.o(.constdata)
    .conststring                             0x0800cfbc   Section       66  dht11.o(.conststring)
    .conststring                             0x0800d000   Section      424  greenhouse_control.o(.conststring)
    .data                                    0x20000000   Section        5  main.o(.data)
    .data                                    0x20000005   Section       20  stm32f10x_rcc.o(.data)
    APBAHBPrescTable                         0x20000005   Data          16  stm32f10x_rcc.o(.data)
    ADCPrescTable                            0x20000015   Data           4  stm32f10x_rcc.o(.data)
    .data                                    0x20000019   Section        5  led.o(.data)
    is_alarm_active                          0x20000019   Data           1  led.o(.data)
    is_pump_active                           0x2000001a   Data           1  led.o(.data)
    marquee_state                            0x2000001b   Data           1  led.o(.data)
    marquee_counter                          0x2000001c   Data           1  led.o(.data)
    fan_speed                                0x2000001d   Data           1  led.o(.data)
    .data                                    0x20000020   Section        8  beep.o(.data)
    current_alarm                            0x20000020   Data           1  beep.o(.data)
    beep_timer                               0x20000024   Data           4  beep.o(.data)
    .data                                    0x20000028   Section        1  key.o(.data)
    key_up                                   0x20000028   Data           1  key.o(.data)
    .data                                    0x2000002a   Section        7  greenhouse_control.o(.data)
    log_counter                              0x2000002a   Data           2  greenhouse_control.o(.data)
    last_valid_temp                          0x2000002c   Data           1  greenhouse_control.o(.data)
    last_valid_humi                          0x2000002d   Data           1  greenhouse_control.o(.data)
    command_count                            0x2000002e   Data           2  greenhouse_control.o(.data)
    task_counter                             0x20000030   Data           1  greenhouse_control.o(.data)
    .data                                    0x20000034   Section       14  greenhouse_display.o(.data)
    last_temp                                0x20000034   Data           1  greenhouse_display.o(.data)
    last_humi                                0x20000035   Data           1  greenhouse_display.o(.data)
    last_light                               0x20000036   Data           1  greenhouse_display.o(.data)
    last_fan_status                          0x20000037   Data           1  greenhouse_display.o(.data)
    last_pump_status                         0x20000038   Data           1  greenhouse_display.o(.data)
    last_light_status                        0x20000039   Data           1  greenhouse_display.o(.data)
    last_work_mode                           0x2000003a   Data           1  greenhouse_display.o(.data)
    last_fan_speed                           0x2000003b   Data           1  greenhouse_display.o(.data)
    last_alarm_flags                         0x2000003c   Data           4  greenhouse_display.o(.data)
    first_display                            0x20000040   Data           1  greenhouse_display.o(.data)
    fan_update_counter                       0x20000041   Data           1  greenhouse_display.o(.data)
    .data                                    0x20000042   Section       12  tftlcd.o(.data)
    .data                                    0x20000050   Section       52  missing_functions_stub.o(.data)
    timer_count                              0x20000058   Data           1  missing_functions_stub.o(.data)
    .data                                    0x20000084   Section        2  fan_pwm.o(.data)
    pwm_period                               0x20000084   Data           2  fan_pwm.o(.data)
    .data                                    0x20000088   Section       18  ws2812.o(.data)
    step                                     0x20000098   Data           1  ws2812.o(.data)
    direction                                0x20000099   Data           1  ws2812.o(.data)
    .data                                    0x2000009c   Section        8  systick.o(.data)
    fac_us                                   0x2000009c   Data           1  systick.o(.data)
    fac_ms                                   0x2000009e   Data           2  systick.o(.data)
    .data                                    0x200000a4   Section        6  usart.o(.data)
    .data                                    0x200000aa   Section        2  usart3.o(.data)
    .data                                    0x200000ac   Section        4  errno.o(.data)
    _errno                                   0x200000ac   Data           4  errno.o(.data)
    .bss                                     0x200000b0   Section       68  dht11.o(.bss)
    dht11_data                               0x200000b0   Data          24  dht11.o(.bss)
    dht11_filter                             0x200000c8   Data          44  dht11.o(.bss)
    .bss                                     0x200000f4   Section      164  greenhouse_control.o(.bss)
    .bss                                     0x20000198   Section       96  missing_functions_stub.o(.bss)
    timers                                   0x20000198   Data          96  missing_functions_stub.o(.bss)
    .bss                                     0x200001f8   Section       28  data_logger.o(.bss)
    .bss                                     0x20000214   Section       75  ws2812.o(.bss)
    .bss                                     0x2000025f   Section      200  usart.o(.bss)
    .bss                                     0x20000327   Section      200  usart3.o(.bss)
    STACK                                    0x200003f0   Section     1024  startup_stm32f10x_hd.o(STACK)

    Global Symbols

    Symbol Name                              Value     Ov Type        Size  Object(Section)

    BuildAttributes$$THM_ISAv4$P$D$K$B$S$PE$A:L22UL41UL21$X:L11$S22US41US21$IEEE1$IW$USESV6$~STKCKD$USESV7$~SHL$OTIME$ROPI$EBA8$MICROLIB$REQ8$PRES8$EABIv2 0x00000000   Number         0  anon$$obj.o ABSOLUTE
    __ARM_use_no_argv                        0x00000000   Number         0  main.o ABSOLUTE
    __use_no_errno                           0x00000000   Number         0  useno.o ABSOLUTE
    __use_no_exception_handling              0x00000000   Number         0  useno.o ABSOLUTE
    __use_no_fp                              0x00000000   Number         0  useno.o ABSOLUTE
    __use_no_heap                            0x00000000   Number         0  useno.o ABSOLUTE
    __use_no_heap_region                     0x00000000   Number         0  useno.o ABSOLUTE
    __use_no_semihosting                     0x00000000   Number         0  useno.o ABSOLUTE
    __use_no_semihosting_swi                 0x00000000   Number         0  useno.o ABSOLUTE
    __use_no_signal_handling                 0x00000000   Number         0  useno.o ABSOLUTE
    _printf_a                                0x00000000   Number         0  stubs.o ABSOLUTE
    _printf_c                                0x00000000   Number         0  stubs.o ABSOLUTE
    _printf_charcount                        0x00000000   Number         0  stubs.o ABSOLUTE
    _printf_d                                0x00000000   Number         0  stubs.o ABSOLUTE
    _printf_e                                0x00000000   Number         0  stubs.o ABSOLUTE
    _printf_f                                0x00000000   Number         0  stubs.o ABSOLUTE
    _printf_flags                            0x00000000   Number         0  stubs.o ABSOLUTE
    _printf_fp_dec                           0x00000000   Number         0  stubs.o ABSOLUTE
    _printf_fp_hex                           0x00000000   Number         0  stubs.o ABSOLUTE
    _printf_g                                0x00000000   Number         0  stubs.o ABSOLUTE
    _printf_i                                0x00000000   Number         0  stubs.o ABSOLUTE
    _printf_int_dec                          0x00000000   Number         0  stubs.o ABSOLUTE
    _printf_l                                0x00000000   Number         0  stubs.o ABSOLUTE
    _printf_lc                               0x00000000   Number         0  stubs.o ABSOLUTE
    _printf_ll                               0x00000000   Number         0  stubs.o ABSOLUTE
    _printf_lld                              0x00000000   Number         0  stubs.o ABSOLUTE
    _printf_lli                              0x00000000   Number         0  stubs.o ABSOLUTE
    _printf_llo                              0x00000000   Number         0  stubs.o ABSOLUTE
    _printf_llu                              0x00000000   Number         0  stubs.o ABSOLUTE
    _printf_llx                              0x00000000   Number         0  stubs.o ABSOLUTE
    _printf_longlong_dec                     0x00000000   Number         0  stubs.o ABSOLUTE
    _printf_longlong_hex                     0x00000000   Number         0  stubs.o ABSOLUTE
    _printf_longlong_oct                     0x00000000   Number         0  stubs.o ABSOLUTE
    _printf_ls                               0x00000000   Number         0  stubs.o ABSOLUTE
    _printf_mbtowc                           0x00000000   Number         0  stubs.o ABSOLUTE
    _printf_n                                0x00000000   Number         0  stubs.o ABSOLUTE
    _printf_o                                0x00000000   Number         0  stubs.o ABSOLUTE
    _printf_p                                0x00000000   Number         0  stubs.o ABSOLUTE
    _printf_percent                          0x00000000   Number         0  stubs.o ABSOLUTE
    _printf_pre_padding                      0x00000000   Number         0  stubs.o ABSOLUTE
    _printf_return_value                     0x00000000   Number         0  stubs.o ABSOLUTE
    _printf_s                                0x00000000   Number         0  stubs.o ABSOLUTE
    _printf_sizespec                         0x00000000   Number         0  stubs.o ABSOLUTE
    _printf_str                              0x00000000   Number         0  stubs.o ABSOLUTE
    _printf_truncate_signed                  0x00000000   Number         0  stubs.o ABSOLUTE
    _printf_truncate_unsigned                0x00000000   Number         0  stubs.o ABSOLUTE
    _printf_u                                0x00000000   Number         0  stubs.o ABSOLUTE
    _printf_wc                               0x00000000   Number         0  stubs.o ABSOLUTE
    _printf_wctomb                           0x00000000   Number         0  stubs.o ABSOLUTE
    _printf_widthprec                        0x00000000   Number         0  stubs.o ABSOLUTE
    _printf_x                                0x00000000   Number         0  stubs.o ABSOLUTE
    __cpp_initialize__aeabi_                  - Undefined Weak Reference
    __cxa_finalize                            - Undefined Weak Reference
    __decompress                              - Undefined Weak Reference
    _clock_init                               - Undefined Weak Reference
    _microlib_exit                            - Undefined Weak Reference
    __Vectors_Size                           0x00000130   Number         0  startup_stm32f10x_hd.o ABSOLUTE
    __Vectors                                0x08000000   Data           4  startup_stm32f10x_hd.o(RESET)
    __Vectors_End                            0x08000130   Data           0  startup_stm32f10x_hd.o(RESET)
    __main                                   0x08000131   Thumb Code     0  entry.o(.ARM.Collect$$$$00000000)
    _main_stk                                0x08000131   Thumb Code     0  entry2.o(.ARM.Collect$$$$00000001)
    _main_scatterload                        0x08000135   Thumb Code     0  entry5.o(.ARM.Collect$$$$00000004)
    __main_after_scatterload                 0x08000139   Thumb Code     0  entry5.o(.ARM.Collect$$$$00000004)
    _main_clock                              0x08000139   Thumb Code     0  entry7b.o(.ARM.Collect$$$$00000008)
    _main_cpp_init                           0x08000139   Thumb Code     0  entry8b.o(.ARM.Collect$$$$0000000A)
    _main_init                               0x08000139   Thumb Code     0  entry9a.o(.ARM.Collect$$$$0000000B)
    __rt_final_cpp                           0x08000141   Thumb Code     0  entry10a.o(.ARM.Collect$$$$0000000D)
    __rt_final_exit                          0x08000141   Thumb Code     0  entry11a.o(.ARM.Collect$$$$0000000F)
    Reset_Handler                            0x08000145   Thumb Code     8  startup_stm32f10x_hd.o(.text)
    ADC1_2_IRQHandler                        0x0800015f   Thumb Code     0  startup_stm32f10x_hd.o(.text)
    ADC3_IRQHandler                          0x0800015f   Thumb Code     0  startup_stm32f10x_hd.o(.text)
    CAN1_RX1_IRQHandler                      0x0800015f   Thumb Code     0  startup_stm32f10x_hd.o(.text)
    CAN1_SCE_IRQHandler                      0x0800015f   Thumb Code     0  startup_stm32f10x_hd.o(.text)
    DMA1_Channel1_IRQHandler                 0x0800015f   Thumb Code     0  startup_stm32f10x_hd.o(.text)
    DMA1_Channel2_IRQHandler                 0x0800015f   Thumb Code     0  startup_stm32f10x_hd.o(.text)
    DMA1_Channel3_IRQHandler                 0x0800015f   Thumb Code     0  startup_stm32f10x_hd.o(.text)
    DMA1_Channel4_IRQHandler                 0x0800015f   Thumb Code     0  startup_stm32f10x_hd.o(.text)
    DMA1_Channel5_IRQHandler                 0x0800015f   Thumb Code     0  startup_stm32f10x_hd.o(.text)
    DMA1_Channel6_IRQHandler                 0x0800015f   Thumb Code     0  startup_stm32f10x_hd.o(.text)
    DMA1_Channel7_IRQHandler                 0x0800015f   Thumb Code     0  startup_stm32f10x_hd.o(.text)
    DMA2_Channel1_IRQHandler                 0x0800015f   Thumb Code     0  startup_stm32f10x_hd.o(.text)
    DMA2_Channel2_IRQHandler                 0x0800015f   Thumb Code     0  startup_stm32f10x_hd.o(.text)
    DMA2_Channel3_IRQHandler                 0x0800015f   Thumb Code     0  startup_stm32f10x_hd.o(.text)
    DMA2_Channel4_5_IRQHandler               0x0800015f   Thumb Code     0  startup_stm32f10x_hd.o(.text)
    EXTI0_IRQHandler                         0x0800015f   Thumb Code     0  startup_stm32f10x_hd.o(.text)
    EXTI15_10_IRQHandler                     0x0800015f   Thumb Code     0  startup_stm32f10x_hd.o(.text)
    EXTI1_IRQHandler                         0x0800015f   Thumb Code     0  startup_stm32f10x_hd.o(.text)
    EXTI2_IRQHandler                         0x0800015f   Thumb Code     0  startup_stm32f10x_hd.o(.text)
    EXTI3_IRQHandler                         0x0800015f   Thumb Code     0  startup_stm32f10x_hd.o(.text)
    EXTI4_IRQHandler                         0x0800015f   Thumb Code     0  startup_stm32f10x_hd.o(.text)
    EXTI9_5_IRQHandler                       0x0800015f   Thumb Code     0  startup_stm32f10x_hd.o(.text)
    FLASH_IRQHandler                         0x0800015f   Thumb Code     0  startup_stm32f10x_hd.o(.text)
    FSMC_IRQHandler                          0x0800015f   Thumb Code     0  startup_stm32f10x_hd.o(.text)
    I2C1_ER_IRQHandler                       0x0800015f   Thumb Code     0  startup_stm32f10x_hd.o(.text)
    I2C1_EV_IRQHandler                       0x0800015f   Thumb Code     0  startup_stm32f10x_hd.o(.text)
    I2C2_ER_IRQHandler                       0x0800015f   Thumb Code     0  startup_stm32f10x_hd.o(.text)
    I2C2_EV_IRQHandler                       0x0800015f   Thumb Code     0  startup_stm32f10x_hd.o(.text)
    PVD_IRQHandler                           0x0800015f   Thumb Code     0  startup_stm32f10x_hd.o(.text)
    RCC_IRQHandler                           0x0800015f   Thumb Code     0  startup_stm32f10x_hd.o(.text)
    RTCAlarm_IRQHandler                      0x0800015f   Thumb Code     0  startup_stm32f10x_hd.o(.text)
    SDIO_IRQHandler                          0x0800015f   Thumb Code     0  startup_stm32f10x_hd.o(.text)
    SPI1_IRQHandler                          0x0800015f   Thumb Code     0  startup_stm32f10x_hd.o(.text)
    SPI2_IRQHandler                          0x0800015f   Thumb Code     0  startup_stm32f10x_hd.o(.text)
    SPI3_IRQHandler                          0x0800015f   Thumb Code     0  startup_stm32f10x_hd.o(.text)
    TAMPER_IRQHandler                        0x0800015f   Thumb Code     0  startup_stm32f10x_hd.o(.text)
    TIM1_BRK_IRQHandler                      0x0800015f   Thumb Code     0  startup_stm32f10x_hd.o(.text)
    TIM1_CC_IRQHandler                       0x0800015f   Thumb Code     0  startup_stm32f10x_hd.o(.text)
    TIM1_TRG_COM_IRQHandler                  0x0800015f   Thumb Code     0  startup_stm32f10x_hd.o(.text)
    TIM1_UP_IRQHandler                       0x0800015f   Thumb Code     0  startup_stm32f10x_hd.o(.text)
    TIM2_IRQHandler                          0x0800015f   Thumb Code     0  startup_stm32f10x_hd.o(.text)
    TIM3_IRQHandler                          0x0800015f   Thumb Code     0  startup_stm32f10x_hd.o(.text)
    TIM4_IRQHandler                          0x0800015f   Thumb Code     0  startup_stm32f10x_hd.o(.text)
    TIM5_IRQHandler                          0x0800015f   Thumb Code     0  startup_stm32f10x_hd.o(.text)
    TIM6_IRQHandler                          0x0800015f   Thumb Code     0  startup_stm32f10x_hd.o(.text)
    TIM7_IRQHandler                          0x0800015f   Thumb Code     0  startup_stm32f10x_hd.o(.text)
    TIM8_BRK_IRQHandler                      0x0800015f   Thumb Code     0  startup_stm32f10x_hd.o(.text)
    TIM8_CC_IRQHandler                       0x0800015f   Thumb Code     0  startup_stm32f10x_hd.o(.text)
    TIM8_TRG_COM_IRQHandler                  0x0800015f   Thumb Code     0  startup_stm32f10x_hd.o(.text)
    TIM8_UP_IRQHandler                       0x0800015f   Thumb Code     0  startup_stm32f10x_hd.o(.text)
    UART4_IRQHandler                         0x0800015f   Thumb Code     0  startup_stm32f10x_hd.o(.text)
    UART5_IRQHandler                         0x0800015f   Thumb Code     0  startup_stm32f10x_hd.o(.text)
    USART2_IRQHandler                        0x0800015f   Thumb Code     0  startup_stm32f10x_hd.o(.text)
    USBWakeUp_IRQHandler                     0x0800015f   Thumb Code     0  startup_stm32f10x_hd.o(.text)
    USB_HP_CAN1_TX_IRQHandler                0x0800015f   Thumb Code     0  startup_stm32f10x_hd.o(.text)
    USB_LP_CAN1_RX0_IRQHandler               0x0800015f   Thumb Code     0  startup_stm32f10x_hd.o(.text)
    WWDG_IRQHandler                          0x0800015f   Thumb Code     0  startup_stm32f10x_hd.o(.text)
    __aeabi_memcpy                           0x08000169   Thumb Code    36  memcpya.o(.text)
    __aeabi_memcpy4                          0x08000169   Thumb Code     0  memcpya.o(.text)
    __aeabi_memcpy8                          0x08000169   Thumb Code     0  memcpya.o(.text)
    __aeabi_memset                           0x0800018d   Thumb Code    14  memseta.o(.text)
    __aeabi_memset4                          0x0800018d   Thumb Code     0  memseta.o(.text)
    __aeabi_memset8                          0x0800018d   Thumb Code     0  memseta.o(.text)
    __aeabi_memclr                           0x0800019b   Thumb Code     4  memseta.o(.text)
    __aeabi_memclr4                          0x0800019b   Thumb Code     0  memseta.o(.text)
    __aeabi_memclr8                          0x0800019b   Thumb Code     0  memseta.o(.text)
    _memset$wrapper                          0x0800019f   Thumb Code    18  memseta.o(.text)
    strcat                                   0x080001b1   Thumb Code    24  strcat.o(.text)
    strstr                                   0x080001c9   Thumb Code    36  strstr.o(.text)
    strlen                                   0x080001ed   Thumb Code    14  strlen.o(.text)
    strcpy                                   0x080001fb   Thumb Code    18  strcpy.o(.text)
    atoi                                     0x0800020d   Thumb Code    26  atoi.o(.text)
    __aeabi_dmul                             0x08000227   Thumb Code   228  dmul.o(.text)
    __aeabi_f2d                              0x0800030b   Thumb Code    38  f2d.o(.text)
    __aeabi_uidiv                            0x08000331   Thumb Code     0  uidiv.o(.text)
    __aeabi_uidivmod                         0x08000331   Thumb Code    44  uidiv.o(.text)
    __aeabi_uldivmod                         0x0800035d   Thumb Code    98  uldiv.o(.text)
    __aeabi_llsr                             0x080003bf   Thumb Code    32  llushr.o(.text)
    _ll_ushift_r                             0x080003bf   Thumb Code     0  llushr.o(.text)
    strtol                                   0x080003df   Thumb Code   112  strtol.o(.text)
    __I$use$fp                               0x0800044f   Thumb Code     0  iusefp.o(.text)
    _double_round                            0x0800044f   Thumb Code    30  depilogue.o(.text)
    _double_epilogue                         0x0800046d   Thumb Code   156  depilogue.o(.text)
    __aeabi_dadd                             0x08000509   Thumb Code   322  dadd.o(.text)
    __aeabi_dsub                             0x0800064b   Thumb Code     6  dadd.o(.text)
    __aeabi_drsub                            0x08000651   Thumb Code     6  dadd.o(.text)
    __aeabi_ddiv                             0x08000657   Thumb Code   222  ddiv.o(.text)
    __aeabi_d2ulz                            0x08000735   Thumb Code    48  dfixul.o(.text)
    __aeabi_cdrcmple                         0x08000765   Thumb Code    48  cdrcmple.o(.text)
    __scatterload                            0x08000795   Thumb Code    28  init.o(.text)
    __scatterload_rt2                        0x08000795   Thumb Code     0  init.o(.text)
    __aeabi_llsl                             0x080007b9   Thumb Code    30  llshl.o(.text)
    _ll_shift_l                              0x080007b9   Thumb Code     0  llshl.o(.text)
    __aeabi_lasr                             0x080007d7   Thumb Code    36  llsshr.o(.text)
    _ll_sshift_r                             0x080007d7   Thumb Code     0  llsshr.o(.text)
    __rt_ctype_table                         0x080007fd   Thumb Code     4  ctype_o.o(.text)
    _strtoul                                 0x08000805   Thumb Code   158  _strtoul.o(.text)
    _chval                                   0x080008a3   Thumb Code    28  _chval.o(.text)
    ADC_Cmd                                  0x080008bf   Thumb Code    22  stm32f10x_adc.o(i.ADC_Cmd)
    ADC_DeInit                               0x080008d5   Thumb Code    78  stm32f10x_adc.o(i.ADC_DeInit)
    ADC_GetCalibrationStatus                 0x08000931   Thumb Code    20  stm32f10x_adc.o(i.ADC_GetCalibrationStatus)
    ADC_GetConversionValue                   0x08000945   Thumb Code     8  stm32f10x_adc.o(i.ADC_GetConversionValue)
    ADC_GetFlagStatus                        0x0800094d   Thumb Code    18  stm32f10x_adc.o(i.ADC_GetFlagStatus)
    ADC_GetResetCalibrationStatus            0x0800095f   Thumb Code    20  stm32f10x_adc.o(i.ADC_GetResetCalibrationStatus)
    ADC_Init                                 0x08000975   Thumb Code    70  stm32f10x_adc.o(i.ADC_Init)
    ADC_RegularChannelConfig                 0x080009c5   Thumb Code   184  stm32f10x_adc.o(i.ADC_RegularChannelConfig)
    ADC_ResetCalibration                     0x08000a7d   Thumb Code    10  stm32f10x_adc.o(i.ADC_ResetCalibration)
    ADC_SoftwareStartConvCmd                 0x08000a87   Thumb Code    22  stm32f10x_adc.o(i.ADC_SoftwareStartConvCmd)
    ADC_StartCalibration                     0x08000a9d   Thumb Code    10  stm32f10x_adc.o(i.ADC_StartCalibration)
    BEEP_Init                                0x08000aa9   Thumb Code    46  beep.o(i.BEEP_Init)
    BEEP_Set_Alarm                           0x08000ae1   Thumb Code    16  beep.o(i.BEEP_Set_Alarm)
    BEEP_Short                               0x08000afd   Thumb Code    24  beep.o(i.BEEP_Short)
    BEEP_Task                                0x08000b1d   Thumb Code   262  beep.o(i.BEEP_Task)
    BusFault_Handler                         0x08000c35   Thumb Code     4  stm32f10x_it.o(i.BusFault_Handler)
    Config_Get_U8                            0x08000c39   Thumb Code    84  missing_functions_stub.o(i.Config_Get_U8)
    Config_Init                              0x08000c91   Thumb Code    70  missing_functions_stub.o(i.Config_Init)
    DHT11_Check                              0x08000ded   Thumb Code    74  dht11.o(i.DHT11_Check)
    DHT11_IO_IN                              0x08000e3d   Thumb Code    34  dht11.o(i.DHT11_IO_IN)
    DHT11_IO_OUT                             0x08000e65   Thumb Code    40  dht11.o(i.DHT11_IO_OUT)
    DHT11_Init                               0x08000e91   Thumb Code    50  dht11.o(i.DHT11_Init)
    DHT11_Read_Bit                           0x08000f19   Thumb Code    70  dht11.o(i.DHT11_Read_Bit)
    DHT11_Read_Byte                          0x08000f65   Thumb Code    30  dht11.o(i.DHT11_Read_Byte)
    DHT11_Read_Data                          0x08000f83   Thumb Code    88  dht11.o(i.DHT11_Read_Data)
    DHT11_Rst                                0x08000fdd   Thumb Code    34  dht11.o(i.DHT11_Rst)
    DHT11_Set_Calibration                    0x08001009   Thumb Code    58  dht11.o(i.DHT11_Set_Calibration)
    DataLogger_Init                          0x0800109d   Thumb Code   238  data_logger.o(i.DataLogger_Init)
    DataLogger_WriteAlarm                    0x08001219   Thumb Code    84  data_logger.o(i.DataLogger_WriteAlarm)
    DataLogger_WriteOperation                0x08001271   Thumb Code    84  data_logger.o(i.DataLogger_WriteOperation)
    DataLogger_WriteSensorData               0x080013b5   Thumb Code   108  data_logger.o(i.DataLogger_WriteSensorData)
    DebugMon_Handler                         0x08001425   Thumb Code     2  stm32f10x_it.o(i.DebugMon_Handler)
    Display_Init                             0x08001427   Thumb Code    16  greenhouse_display.o(i.Display_Init)
    Display_Message                          0x08001439   Thumb Code    46  greenhouse_display.o(i.Display_Message)
    Display_System_Status                    0x08001471   Thumb Code  1670  greenhouse_display.o(i.Display_System_Status)
    Display_Title                            0x08001b59   Thumb Code   332  greenhouse_display.o(i.Display_Title)
    FLASH_ErasePage                          0x08001d05   Thumb Code    72  stm32f10x_flash.o(i.FLASH_ErasePage)
    FLASH_GetBank1Status                     0x08001d51   Thumb Code    48  stm32f10x_flash.o(i.FLASH_GetBank1Status)
    FLASH_Lock                               0x08001d85   Thumb Code    14  stm32f10x_flash.o(i.FLASH_Lock)
    FLASH_ProgramWord                        0x08001d99   Thumb Code   102  stm32f10x_flash.o(i.FLASH_ProgramWord)
    FLASH_Unlock                             0x08001e05   Thumb Code    12  stm32f10x_flash.o(i.FLASH_Unlock)
    FLASH_WaitForLastOperation               0x08001e1d   Thumb Code    38  stm32f10x_flash.o(i.FLASH_WaitForLastOperation)
    FSMC_NORSRAMCmd                          0x08001e45   Thumb Code    46  stm32f10x_fsmc.o(i.FSMC_NORSRAMCmd)
    FSMC_NORSRAMInit                         0x08001e79   Thumb Code   230  stm32f10x_fsmc.o(i.FSMC_NORSRAMInit)
    Fan_Get_Speed                            0x08001f61   Thumb Code     6  led.o(i.Fan_Get_Speed)
    Fan_Get_Speed_Percent                    0x08001f6d   Thumb Code    36  fan_pwm.o(i.Fan_Get_Speed_Percent)
    Fan_PWM_Init                             0x08001f99   Thumb Code   148  fan_pwm.o(i.Fan_PWM_Init)
    Fan_Set_Speed                            0x08002079   Thumb Code    62  led.o(i.Fan_Set_Speed)
    Fan_Set_Speed_Percent                    0x0800214d   Thumb Code    52  fan_pwm.o(i.Fan_Set_Speed_Percent)
    GPIO_Init                                0x080021b1   Thumb Code   278  stm32f10x_gpio.o(i.GPIO_Init)
    GPIO_PinRemapConfig                      0x080022c9   Thumb Code   138  stm32f10x_gpio.o(i.GPIO_PinRemapConfig)
    GPIO_ReadInputDataBit                    0x08002359   Thumb Code    18  stm32f10x_gpio.o(i.GPIO_ReadInputDataBit)
    GPIO_ResetBits                           0x0800236b   Thumb Code     4  stm32f10x_gpio.o(i.GPIO_ResetBits)
    GPIO_SetBits                             0x0800236f   Thumb Code     4  stm32f10x_gpio.o(i.GPIO_SetBits)
    GPIO_Write                               0x08002373   Thumb Code     4  stm32f10x_gpio.o(i.GPIO_Write)
    Greenhouse_Auto_Control                  0x08002379   Thumb Code   546  greenhouse_control.o(i.Greenhouse_Auto_Control)
    Greenhouse_Check_Alarms                  0x080026fd   Thumb Code   244  greenhouse_control.o(i.Greenhouse_Check_Alarms)
    Greenhouse_Handle_Bluetooth              0x08002835   Thumb Code  7362  greenhouse_control.o(i.Greenhouse_Handle_Bluetooth)
    Greenhouse_Init                          0x08004591   Thumb Code   204  greenhouse_control.o(i.Greenhouse_Init)
    Greenhouse_Manual_Control                0x08004781   Thumb Code   216  greenhouse_control.o(i.Greenhouse_Manual_Control)
    Greenhouse_Process_Key                   0x080048d5   Thumb Code   262  greenhouse_control.o(i.Greenhouse_Process_Key)
    Greenhouse_Task                          0x08004a21   Thumb Code    98  greenhouse_control.o(i.Greenhouse_Task)
    Greenhouse_Update_Device_Status          0x08004b29   Thumb Code    82  greenhouse_control.o(i.Greenhouse_Update_Device_Status)
    Greenhouse_Update_Display                0x08004b81   Thumb Code    10  greenhouse_control.o(i.Greenhouse_Update_Display)
    Greenhouse_Update_Sensors                0x08004b91   Thumb Code   190  greenhouse_control.o(i.Greenhouse_Update_Sensors)
    HC05_CFG_CMD                             0x08004ce5   Thumb Code    96  hc05.o(i.HC05_CFG_CMD)
    HC05_Get_Address                         0x08004d59   Thumb Code    10  hc05.o(i.HC05_Get_Address)
    HC05_Get_Baud                            0x08004d71   Thumb Code    10  hc05.o(i.HC05_Get_Baud)
    HC05_Get_Class                           0x08004d89   Thumb Code    10  hc05.o(i.HC05_Get_Class)
    HC05_Get_Name                            0x08004da1   Thumb Code    10  hc05.o(i.HC05_Get_Name)
    HC05_Get_Pin                             0x08004db9   Thumb Code    10  hc05.o(i.HC05_Get_Pin)
    HC05_Get_Role                            0x08004dd1   Thumb Code   136  hc05.o(i.HC05_Get_Role)
    HC05_Get_Version                         0x08004e79   Thumb Code    10  hc05.o(i.HC05_Get_Version)
    HC05_Init                                0x08004e91   Thumb Code   256  hc05.o(i.HC05_Init)
    HC05_Reset                               0x080051f9   Thumb Code    10  hc05.o(i.HC05_Reset)
    HC05_Set_Cmd                             0x08005211   Thumb Code   130  hc05.o(i.HC05_Set_Cmd)
    HC05_Set_Name                            0x080052b1   Thumb Code    26  hc05.o(i.HC05_Set_Name)
    HC05_Set_Pin                             0x080052d9   Thumb Code    26  hc05.o(i.HC05_Set_Pin)
    HC05_Set_Role                            0x08005301   Thumb Code    24  hc05.o(i.HC05_Set_Role)
    HC05_Test_AT                             0x08005325   Thumb Code    10  hc05.o(i.HC05_Test_AT)
    HardFault_Handler                        0x08005335   Thumb Code     4  stm32f10x_it.o(i.HardFault_Handler)
    KEY_Init                                 0x08005339   Thumb Code    52  key.o(i.KEY_Init)
    KEY_Scan                                 0x08005375   Thumb Code   146  key.o(i.KEY_Scan)
    LCD_Clear                                0x08005415   Thumb Code    68  tftlcd.o(i.LCD_Clear)
    LCD_Display_Dir                          0x0800545d   Thumb Code    66  tftlcd.o(i.LCD_Display_Dir)
    LCD_DrawFRONT_COLOR                      0x080054a5   Thumb Code    28  tftlcd.o(i.LCD_DrawFRONT_COLOR)
    LCD_Fill                                 0x080054c1   Thumb Code    92  tftlcd.o(i.LCD_Fill)
    LCD_ReadData                             0x0800551d   Thumb Code     6  tftlcd.o(i.LCD_ReadData)
    LCD_Set_Window                           0x08005529   Thumb Code    74  tftlcd.o(i.LCD_Set_Window)
    LCD_ShowChar                             0x08005575   Thumb Code   272  tftlcd.o(i.LCD_ShowChar)
    LCD_ShowString                           0x0800569d   Thumb Code   102  tftlcd.o(i.LCD_ShowString)
    LCD_WriteCmd                             0x08005705   Thumb Code     6  tftlcd.o(i.LCD_WriteCmd)
    LCD_WriteData                            0x08005711   Thumb Code     6  tftlcd.o(i.LCD_WriteData)
    LCD_WriteData_Color                      0x0800571d   Thumb Code    12  tftlcd.o(i.LCD_WriteData_Color)
    LED_Alarm_Set                            0x0800572d   Thumb Code    22  led.o(i.LED_Alarm_Set)
    LED_Init                                 0x0800574d   Thumb Code    88  led.o(i.LED_Init)
    LED_Light_Set                            0x080057b1   Thumb Code    14  led.o(i.LED_Light_Set)
    LED_Marquee_Update                       0x080057c5   Thumb Code   176  led.o(i.LED_Marquee_Update)
    LED_Pump_Set                             0x080058e5   Thumb Code    44  led.o(i.LED_Pump_Set)
    LED_System_Set                           0x08005985   Thumb Code    14  led.o(i.LED_System_Set)
    LED_System_Toggle                        0x08005999   Thumb Code    18  led.o(i.LED_System_Toggle)
    Lsens_Get_Adc                            0x080059b1   Thumb Code    44  lsens.o(i.Lsens_Get_Adc)
    Lsens_Get_Val                            0x080059e1   Thumb Code    52  lsens.o(i.Lsens_Get_Val)
    Lsens_Init                               0x08005a15   Thumb Code   126  lsens.o(i.Lsens_Init)
    MemManage_Handler                        0x08005a9d   Thumb Code     4  stm32f10x_it.o(i.MemManage_Handler)
    NMI_Handler                              0x08005aa1   Thumb Code     2  stm32f10x_it.o(i.NMI_Handler)
    NVIC_Init                                0x08005aa5   Thumb Code   100  misc.o(i.NVIC_Init)
    PendSV_Handler                           0x08005b15   Thumb Code     2  stm32f10x_it.o(i.PendSV_Handler)
    Peripheral_Init                          0x08005b19   Thumb Code    80  main.o(i.Peripheral_Init)
    RCC_AHBPeriphClockCmd                    0x08005bc1   Thumb Code    26  stm32f10x_rcc.o(i.RCC_AHBPeriphClockCmd)
    RCC_APB1PeriphClockCmd                   0x08005be1   Thumb Code    26  stm32f10x_rcc.o(i.RCC_APB1PeriphClockCmd)
    RCC_APB2PeriphClockCmd                   0x08005c01   Thumb Code    26  stm32f10x_rcc.o(i.RCC_APB2PeriphClockCmd)
    RCC_APB2PeriphResetCmd                   0x08005c21   Thumb Code    26  stm32f10x_rcc.o(i.RCC_APB2PeriphResetCmd)
    RCC_GetClocksFreq                        0x08005c41   Thumb Code   192  stm32f10x_rcc.o(i.RCC_GetClocksFreq)
    RGB_Blend_Colors                         0x08005d15   Thumb Code   102  ws2812.o(i.RGB_Blend_Colors)
    RGB_Clear_Buffer                         0x08005d7d   Thumb Code    66  ws2812.o(i.RGB_Clear_Buffer)
    RGB_Greenhouse_Init                      0x08005dc5   Thumb Code    46  ws2812.o(i.RGB_Greenhouse_Init)
    RGB_LED_Clear                            0x08005e2d   Thumb Code    36  ws2812.o(i.RGB_LED_Clear)
    RGB_LED_Init                             0x08005e51   Thumb Code    50  ws2812.o(i.RGB_LED_Init)
    RGB_LED_Reset                            0x08005e89   Thumb Code    26  ws2812.o(i.RGB_LED_Reset)
    RGB_LED_Update                           0x08005ea9   Thumb Code   120  ws2812.o(i.RGB_LED_Update)
    RGB_LED_Write0                           0x08005f29   Thumb Code   108  ws2812.o(i.RGB_LED_Write0)
    RGB_LED_Write1                           0x08005f99   Thumb Code   108  ws2812.o(i.RGB_LED_Write1)
    RGB_LED_Write_24Bits                     0x08006009   Thumb Code    28  ws2812.o(i.RGB_LED_Write_24Bits)
    RGB_LED_Write_Byte                       0x08006025   Thumb Code    38  ws2812.o(i.RGB_LED_Write_Byte)
    RGB_Set_All_Color                        0x0800604b   Thumb Code    44  ws2812.o(i.RGB_Set_All_Color)
    RGB_Set_Brightness                       0x08006079   Thumb Code    12  ws2812.o(i.RGB_Set_Brightness)
    RGB_Set_Display_Mode                     0x08006089   Thumb Code    16  ws2812.o(i.RGB_Set_Display_Mode)
    RGB_Set_Pixel                            0x0800609d   Thumb Code    58  ws2812.o(i.RGB_Set_Pixel)
    RGB_Show_Check_Mark                      0x080060dd   Thumb Code    74  ws2812.o(i.RGB_Show_Check_Mark)
    RGB_Show_Cross                           0x0800612d   Thumb Code    74  ws2812.o(i.RGB_Show_Cross)
    RGB_Show_Heart                           0x0800617d   Thumb Code    74  ws2812.o(i.RGB_Show_Heart)
    RGB_Show_Humidity                        0x080061cd   Thumb Code   110  ws2812.o(i.RGB_Show_Humidity)
    RGB_Show_Light_Level                     0x08006241   Thumb Code   104  ws2812.o(i.RGB_Show_Light_Level)
    RGB_Show_Manual_Status_Face              0x080062a9   Thumb Code   140  ws2812.o(i.RGB_Show_Manual_Status_Face)
    RGB_Show_Robot                           0x08006335   Thumb Code    74  ws2812.o(i.RGB_Show_Robot)
    RGB_Show_Smiley                          0x08006385   Thumb Code    74  ws2812.o(i.RGB_Show_Smiley)
    RGB_Show_System_Status                   0x080063d5   Thumb Code   162  ws2812.o(i.RGB_Show_System_Status)
    RGB_Show_Temperature                     0x0800647d   Thumb Code   124  ws2812.o(i.RGB_Show_Temperature)
    RGB_Start_Breathing_Animation            0x080064fd   Thumb Code    16  ws2812.o(i.RGB_Start_Breathing_Animation)
    RGB_Start_Rainbow_Animation              0x08006511   Thumb Code    12  ws2812.o(i.RGB_Start_Rainbow_Animation)
    RGB_Start_Water_Flow_Animation           0x08006521   Thumb Code    12  ws2812.o(i.RGB_Start_Water_Flow_Animation)
    RTC_ClearITPendingBit                    0x08006531   Thumb Code    12  stm32f10x_rtc.o(i.RTC_ClearITPendingBit)
    RTC_Format_Date                          0x08006541   Thumb Code    28  missing_functions_stub.o(i.RTC_Format_Date)
    RTC_Format_Time                          0x0800656d   Thumb Code    28  missing_functions_stub.o(i.RTC_Format_Time)
    RTC_GetCounter                           0x08006599   Thumb Code    16  stm32f10x_rtc.o(i.RTC_GetCounter)
    RTC_GetITStatus                          0x080065ad   Thumb Code    32  stm32f10x_rtc.o(i.RTC_GetITStatus)
    RTC_Get_Month_Days                       0x080065d1   Thumb Code    42  missing_functions_stub.o(i.RTC_Get_Month_Days)
    RTC_IRQHandler                           0x08006601   Thumb Code    22  stm32f10x_it.o(i.RTC_IRQHandler)
    RTC_Init                                 0x08006619   Thumb Code    64  missing_functions_stub.o(i.RTC_Init)
    RTC_Is_Leap_Year                         0x080066e1   Thumb Code    52  missing_functions_stub.o(i.RTC_Is_Leap_Year)
    RTC_Process_Interrupt                    0x08006715   Thumb Code   242  missing_functions_stub.o(i.RTC_Process_Interrupt)
    RTC_Timer_Check                          0x08006899   Thumb Code   220  missing_functions_stub.o(i.RTC_Timer_Check)
    SVC_Handler                              0x080069a5   Thumb Code     2  stm32f10x_it.o(i.SVC_Handler)
    SysTick_CLKSourceConfig                  0x08006a91   Thumb Code    40  misc.o(i.SysTick_CLKSourceConfig)
    SysTick_Handler                          0x08006ab9   Thumb Code    12  stm32f10x_it.o(i.SysTick_Handler)
    SysTick_Init                             0x08006ac9   Thumb Code    52  systick.o(i.SysTick_Init)
    SystemInit                               0x08006b05   Thumb Code    78  system_stm32f10x.o(i.SystemInit)
    System_Clock_Init                        0x08006b65   Thumb Code     8  main.o(i.System_Clock_Init)
    TFTLCD_FSMC_Init                         0x08006b6d   Thumb Code   126  tftlcd.o(i.TFTLCD_FSMC_Init)
    TFTLCD_GPIO_Init                         0x08006bed   Thumb Code   130  tftlcd.o(i.TFTLCD_GPIO_Init)
    TFTLCD_Init                              0x08006c85   Thumb Code   574  tftlcd.o(i.TFTLCD_Init)
    TIM_ARRPreloadConfig                     0x08006ed9   Thumb Code    24  stm32f10x_tim.o(i.TIM_ARRPreloadConfig)
    TIM_Cmd                                  0x08006ef1   Thumb Code    24  stm32f10x_tim.o(i.TIM_Cmd)
    TIM_GetCapture1                          0x08006f09   Thumb Code     6  stm32f10x_tim.o(i.TIM_GetCapture1)
    TIM_OC1Init                              0x08006f11   Thumb Code   132  stm32f10x_tim.o(i.TIM_OC1Init)
    TIM_OC1PreloadConfig                     0x08006fa9   Thumb Code    18  stm32f10x_tim.o(i.TIM_OC1PreloadConfig)
    TIM_SetCompare1                          0x08006fbb   Thumb Code     4  stm32f10x_tim.o(i.TIM_SetCompare1)
    TIM_TimeBaseInit                         0x08006fc1   Thumb Code   122  stm32f10x_tim.o(i.TIM_TimeBaseInit)
    USART1_IRQHandler                        0x08007065   Thumb Code   120  usart.o(i.USART1_IRQHandler)
    USART1_Init                              0x080070e9   Thumb Code   152  usart.o(i.USART1_Init)
    USART3_IRQHandler                        0x08007189   Thumb Code   120  usart3.o(i.USART3_IRQHandler)
    USART3_Init                              0x0800720d   Thumb Code   158  usart3.o(i.USART3_Init)
    USART_Cmd                                0x080072b5   Thumb Code    24  stm32f10x_usart.o(i.USART_Cmd)
    USART_GetFlagStatus                      0x080072cd   Thumb Code    26  stm32f10x_usart.o(i.USART_GetFlagStatus)
    USART_ITConfig                           0x080072e7   Thumb Code    74  stm32f10x_usart.o(i.USART_ITConfig)
    USART_Init                               0x08007331   Thumb Code   210  stm32f10x_usart.o(i.USART_Init)
    USART_SendData                           0x08007409   Thumb Code     8  stm32f10x_usart.o(i.USART_SendData)
    UsageFault_Handler                       0x08007411   Thumb Code     4  stm32f10x_it.o(i.UsageFault_Handler)
    __0printf                                0x08007415   Thumb Code    22  printfa.o(i.__0printf)
    __1printf                                0x08007415   Thumb Code     0  printfa.o(i.__0printf)
    __2printf                                0x08007415   Thumb Code     0  printfa.o(i.__0printf)
    __c89printf                              0x08007415   Thumb Code     0  printfa.o(i.__0printf)
    printf                                   0x08007415   Thumb Code     0  printfa.o(i.__0printf)
    __0sprintf                               0x08007435   Thumb Code    34  printfa.o(i.__0sprintf)
    __1sprintf                               0x08007435   Thumb Code     0  printfa.o(i.__0sprintf)
    __2sprintf                               0x08007435   Thumb Code     0  printfa.o(i.__0sprintf)
    __c89sprintf                             0x08007435   Thumb Code     0  printfa.o(i.__0sprintf)
    sprintf                                  0x08007435   Thumb Code     0  printfa.o(i.__0sprintf)
    __0vsprintf                              0x0800745d   Thumb Code    30  printfa.o(i.__0vsprintf)
    __1vsprintf                              0x0800745d   Thumb Code     0  printfa.o(i.__0vsprintf)
    __2vsprintf                              0x0800745d   Thumb Code     0  printfa.o(i.__0vsprintf)
    __c89vsprintf                            0x0800745d   Thumb Code     0  printfa.o(i.__0vsprintf)
    vsprintf                                 0x0800745d   Thumb Code     0  printfa.o(i.__0vsprintf)
    __aeabi_errno_addr                       0x08007481   Thumb Code     4  errno.o(i.__aeabi_errno_addr)
    __rt_errno_addr                          0x08007481   Thumb Code     0  errno.o(i.__aeabi_errno_addr)
    __scatterload_copy                       0x08007489   Thumb Code    14  handlers.o(i.__scatterload_copy)
    __scatterload_null                       0x08007497   Thumb Code     2  handlers.o(i.__scatterload_null)
    __scatterload_zeroinit                   0x08007499   Thumb Code    14  handlers.o(i.__scatterload_zeroinit)
    delay_ms                                 0x08007d45   Thumb Code    72  systick.o(i.delay_ms)
    delay_us                                 0x08007d91   Thumb Code    72  systick.o(i.delay_us)
    fputc                                    0x08007ddd   Thumb Code    24  usart.o(i.fputc)
    main                                     0x08007df9   Thumb Code  1558  main.o(i.main)
    u3_printf                                0x080084cd   Thumb Code    72  usart3.o(i.u3_printf)
    ascii_1206                               0x0800851c   Data        1140  tftlcd.o(.constdata)
    ascii_1608                               0x08008990   Data        1520  tftlcd.o(.constdata)
    ascii_2412                               0x08008f80   Data        3420  tftlcd.o(.constdata)
    ascii_3216                               0x08009cdc   Data       12160  tftlcd.o(.constdata)
    CnChar32x29                              0x0800cc5c   Data         472  tftlcd.o(.constdata)
    g_rgb_num_buf                            0x0800ce40   Data          80  ws2812.o(.constdata)
    __ctype_table                            0x0800cf35   Data         129  ctype_o.o(.constdata)
    Region$$Table$$Base                      0x0800d1a8   Number         0  anon$$obj.o(Region$$Table)
    Region$$Table$$Limit                     0x0800d1c8   Number         0  anon$$obj.o(Region$$Table)
    system_time_ms                           0x20000000   Data           4  main.o(.data)
    timer_1s_flag                            0x20000004   Data           1  main.o(.data)
    FRONT_COLOR                              0x20000042   Data           2  tftlcd.o(.data)
    BACK_COLOR                               0x20000044   Data           2  tftlcd.o(.data)
    tftlcd_data                              0x20000046   Data           8  tftlcd.o(.data)
    current_time                             0x20000050   Data           8  missing_functions_stub.o(.data)
    system_config                            0x2000005c   Data          40  missing_functions_stub.o(.data)
    rgb_greenhouse_status                    0x20000088   Data          16  ws2812.o(.data)
    TimingDelay                              0x200000a0   Data           4  systick.o(.data)
    __stdout                                 0x200000a4   Data           4  usart.o(.data)
    USART1_RX_STA                            0x200000a8   Data           2  usart.o(.data)
    USART3_RX_STA                            0x200000aa   Data           2  usart3.o(.data)
    greenhouse_status                        0x200000f4   Data         164  greenhouse_control.o(.bss)
    logger_info                              0x200001f8   Data          28  data_logger.o(.bss)
    g_rgb_databuf                            0x20000214   Data          75  ws2812.o(.bss)
    USART1_RX_BUF                            0x2000025f   Data         200  usart.o(.bss)
    USART3_RX_BUF                            0x20000327   Data         200  usart3.o(.bss)
    __initial_sp                             0x200007f0   Data           0  startup_stm32f10x_hd.o(STACK)



==============================================================================

Memory Map of the image

  Image Entry point : 0x08000131

  Load Region LR_IROM1 (Base: 0x08000000, Size: 0x0000d278, Max: 0x00080000, ABSOLUTE)

    Execution Region ER_IROM1 (Exec base: 0x08000000, Load base: 0x08000000, Size: 0x0000d1c8, Max: 0x00080000, ABSOLUTE)

    Exec Addr    Load Addr    Size         Type   Attr      Idx    E Section Name        Object

    0x08000000   0x08000000   0x00000130   Data   RO          293    RESET               startup_stm32f10x_hd.o
    0x08000130   0x08000130   0x00000000   Code   RO         4220  * .ARM.Collect$$$$00000000  mc_w.l(entry.o)
    0x08000130   0x08000130   0x00000004   Code   RO         4520    .ARM.Collect$$$$00000001  mc_w.l(entry2.o)
    0x08000134   0x08000134   0x00000004   Code   RO         4523    .ARM.Collect$$$$00000004  mc_w.l(entry5.o)
    0x08000138   0x08000138   0x00000000   Code   RO         4525    .ARM.Collect$$$$00000008  mc_w.l(entry7b.o)
    0x08000138   0x08000138   0x00000000   Code   RO         4527    .ARM.Collect$$$$0000000A  mc_w.l(entry8b.o)
    0x08000138   0x08000138   0x00000008   Code   RO         4528    .ARM.Collect$$$$0000000B  mc_w.l(entry9a.o)
    0x08000140   0x08000140   0x00000000   Code   RO         4530    .ARM.Collect$$$$0000000D  mc_w.l(entry10a.o)
    0x08000140   0x08000140   0x00000000   Code   RO         4532    .ARM.Collect$$$$0000000F  mc_w.l(entry11a.o)
    0x08000140   0x08000140   0x00000004   Code   RO         4521    .ARM.Collect$$$$00002712  mc_w.l(entry2.o)
    0x08000144   0x08000144   0x00000024   Code   RO          294    .text               startup_stm32f10x_hd.o
    0x08000168   0x08000168   0x00000024   Code   RO         4223    .text               mc_w.l(memcpya.o)
    0x0800018c   0x0800018c   0x00000024   Code   RO         4225    .text               mc_w.l(memseta.o)
    0x080001b0   0x080001b0   0x00000018   Code   RO         4227    .text               mc_w.l(strcat.o)
    0x080001c8   0x080001c8   0x00000024   Code   RO         4229    .text               mc_w.l(strstr.o)
    0x080001ec   0x080001ec   0x0000000e   Code   RO         4231    .text               mc_w.l(strlen.o)
    0x080001fa   0x080001fa   0x00000012   Code   RO         4233    .text               mc_w.l(strcpy.o)
    0x0800020c   0x0800020c   0x0000001a   Code   RO         4500    .text               mc_w.l(atoi.o)
    0x08000226   0x08000226   0x000000e4   Code   RO         4508    .text               mf_w.l(dmul.o)
    0x0800030a   0x0800030a   0x00000026   Code   RO         4518    .text               mf_w.l(f2d.o)
    0x08000330   0x08000330   0x0000002c   Code   RO         4534    .text               mc_w.l(uidiv.o)
    0x0800035c   0x0800035c   0x00000062   Code   RO         4536    .text               mc_w.l(uldiv.o)
    0x080003be   0x080003be   0x00000020   Code   RO         4538    .text               mc_w.l(llushr.o)
    0x080003de   0x080003de   0x00000070   Code   RO         4547    .text               mc_w.l(strtol.o)
    0x0800044e   0x0800044e   0x00000000   Code   RO         4549    .text               mc_w.l(iusefp.o)
    0x0800044e   0x0800044e   0x000000ba   Code   RO         4552    .text               mf_w.l(depilogue.o)
    0x08000508   0x08000508   0x0000014e   Code   RO         4554    .text               mf_w.l(dadd.o)
    0x08000656   0x08000656   0x000000de   Code   RO         4556    .text               mf_w.l(ddiv.o)
    0x08000734   0x08000734   0x00000030   Code   RO         4558    .text               mf_w.l(dfixul.o)
    0x08000764   0x08000764   0x00000030   Code   RO         4560    .text               mf_w.l(cdrcmple.o)
    0x08000794   0x08000794   0x00000024   Code   RO         4562    .text               mc_w.l(init.o)
    0x080007b8   0x080007b8   0x0000001e   Code   RO         4564    .text               mc_w.l(llshl.o)
    0x080007d6   0x080007d6   0x00000024   Code   RO         4566    .text               mc_w.l(llsshr.o)
    0x080007fa   0x080007fa   0x00000002   PAD
    0x080007fc   0x080007fc   0x00000008   Code   RO         4568    .text               mc_w.l(ctype_o.o)
    0x08000804   0x08000804   0x0000009e   Code   RO         4596    .text               mc_w.l(_strtoul.o)
    0x080008a2   0x080008a2   0x0000001c   Code   RO         4598    .text               mc_w.l(_chval.o)
    0x080008be   0x080008be   0x00000016   Code   RO         1671    i.ADC_Cmd           stm32f10x_adc.o
    0x080008d4   0x080008d4   0x0000005c   Code   RO         1673    i.ADC_DeInit        stm32f10x_adc.o
    0x08000930   0x08000930   0x00000014   Code   RO         1679    i.ADC_GetCalibrationStatus  stm32f10x_adc.o
    0x08000944   0x08000944   0x00000008   Code   RO         1680    i.ADC_GetConversionValue  stm32f10x_adc.o
    0x0800094c   0x0800094c   0x00000012   Code   RO         1682    i.ADC_GetFlagStatus  stm32f10x_adc.o
    0x0800095e   0x0800095e   0x00000014   Code   RO         1685    i.ADC_GetResetCalibrationStatus  stm32f10x_adc.o
    0x08000972   0x08000972   0x00000002   PAD
    0x08000974   0x08000974   0x00000050   Code   RO         1689    i.ADC_Init          stm32f10x_adc.o
    0x080009c4   0x080009c4   0x000000b8   Code   RO         1693    i.ADC_RegularChannelConfig  stm32f10x_adc.o
    0x08000a7c   0x08000a7c   0x0000000a   Code   RO         1694    i.ADC_ResetCalibration  stm32f10x_adc.o
    0x08000a86   0x08000a86   0x00000016   Code   RO         1696    i.ADC_SoftwareStartConvCmd  stm32f10x_adc.o
    0x08000a9c   0x08000a9c   0x0000000a   Code   RO         1698    i.ADC_StartCalibration  stm32f10x_adc.o
    0x08000aa6   0x08000aa6   0x00000002   PAD
    0x08000aa8   0x08000aa8   0x00000038   Code   RO         3005    i.BEEP_Init         beep.o
    0x08000ae0   0x08000ae0   0x0000001c   Code   RO         3008    i.BEEP_Set_Alarm    beep.o
    0x08000afc   0x08000afc   0x00000020   Code   RO         3009    i.BEEP_Short        beep.o
    0x08000b1c   0x08000b1c   0x00000118   Code   RO         3011    i.BEEP_Task         beep.o
    0x08000c34   0x08000c34   0x00000004   Code   RO          176    i.BusFault_Handler  stm32f10x_it.o
    0x08000c38   0x08000c38   0x00000058   Code   RO         3594    i.Config_Get_U8     missing_functions_stub.o
    0x08000c90   0x08000c90   0x0000015c   Code   RO         3596    i.Config_Init       missing_functions_stub.o
    0x08000dec   0x08000dec   0x00000050   Code   RO         2764    i.DHT11_Check       dht11.o
    0x08000e3c   0x08000e3c   0x00000028   Code   RO         2768    i.DHT11_IO_IN       dht11.o
    0x08000e64   0x08000e64   0x0000002c   Code   RO         2769    i.DHT11_IO_OUT      dht11.o
    0x08000e90   0x08000e90   0x00000088   Code   RO         2770    i.DHT11_Init        dht11.o
    0x08000f18   0x08000f18   0x0000004c   Code   RO         2771    i.DHT11_Read_Bit    dht11.o
    0x08000f64   0x08000f64   0x0000001e   Code   RO         2772    i.DHT11_Read_Byte   dht11.o
    0x08000f82   0x08000f82   0x00000058   Code   RO         2773    i.DHT11_Read_Data   dht11.o
    0x08000fda   0x08000fda   0x00000002   PAD
    0x08000fdc   0x08000fdc   0x0000002c   Code   RO         2776    i.DHT11_Rst         dht11.o
    0x08001008   0x08001008   0x00000044   Code   RO         2777    i.DHT11_Set_Calibration  dht11.o
    0x0800104c   0x0800104c   0x00000048   Code   RO         3690    i.DataLogger_ErasePage  data_logger.o
    0x08001094   0x08001094   0x00000008   Code   RO         3693    i.DataLogger_GetTimestamp  data_logger.o
    0x0800109c   0x0800109c   0x00000140   Code   RO         3694    i.DataLogger_Init   data_logger.o
    0x080011dc   0x080011dc   0x0000003c   Code   RO         3697    i.DataLogger_ReadRecord  data_logger.o
    0x08001218   0x08001218   0x00000058   Code   RO         3698    i.DataLogger_WriteAlarm  data_logger.o
    0x08001270   0x08001270   0x00000058   Code   RO         3699    i.DataLogger_WriteOperation  data_logger.o
    0x080012c8   0x080012c8   0x000000ec   Code   RO         3700    i.DataLogger_WriteRecord  data_logger.o
    0x080013b4   0x080013b4   0x00000070   Code   RO         3701    i.DataLogger_WriteSensorData  data_logger.o
    0x08001424   0x08001424   0x00000002   Code   RO          177    i.DebugMon_Handler  stm32f10x_it.o
    0x08001426   0x08001426   0x00000010   Code   RO         3351    i.Display_Init      greenhouse_display.o
    0x08001436   0x08001436   0x00000002   PAD
    0x08001438   0x08001438   0x00000038   Code   RO         3352    i.Display_Message   greenhouse_display.o
    0x08001470   0x08001470   0x000006e8   Code   RO         3353    i.Display_System_Status  greenhouse_display.o
    0x08001b58   0x08001b58   0x000001ac   Code   RO         3354    i.Display_Title     greenhouse_display.o
    0x08001d04   0x08001d04   0x0000004c   Code   RO         2551    i.FLASH_ErasePage   stm32f10x_flash.o
    0x08001d50   0x08001d50   0x00000034   Code   RO         2552    i.FLASH_GetBank1Status  stm32f10x_flash.o
    0x08001d84   0x08001d84   0x00000014   Code   RO         2561    i.FLASH_Lock        stm32f10x_flash.o
    0x08001d98   0x08001d98   0x0000006c   Code   RO         2566    i.FLASH_ProgramWord  stm32f10x_flash.o
    0x08001e04   0x08001e04   0x00000018   Code   RO         2569    i.FLASH_Unlock      stm32f10x_flash.o
    0x08001e1c   0x08001e1c   0x00000026   Code   RO         2573    i.FLASH_WaitForLastOperation  stm32f10x_flash.o
    0x08001e42   0x08001e42   0x00000002   PAD
    0x08001e44   0x08001e44   0x00000034   Code   RO         2293    i.FSMC_NORSRAMCmd   stm32f10x_fsmc.o
    0x08001e78   0x08001e78   0x000000e6   Code   RO         2295    i.FSMC_NORSRAMInit  stm32f10x_fsmc.o
    0x08001f5e   0x08001f5e   0x00000002   PAD
    0x08001f60   0x08001f60   0x0000000c   Code   RO         2908    i.Fan_Get_Speed     led.o
    0x08001f6c   0x08001f6c   0x0000002c   Code   RO         3786    i.Fan_Get_Speed_Percent  fan_pwm.o
    0x08001f98   0x08001f98   0x000000e0   Code   RO         3787    i.Fan_PWM_Init      fan_pwm.o
    0x08002078   0x08002078   0x000000d4   Code   RO         2909    i.Fan_Set_Speed     led.o
    0x0800214c   0x0800214c   0x00000064   Code   RO         3788    i.Fan_Set_Speed_Percent  fan_pwm.o
    0x080021b0   0x080021b0   0x00000116   Code   RO          305    i.GPIO_Init         stm32f10x_gpio.o
    0x080022c6   0x080022c6   0x00000002   PAD
    0x080022c8   0x080022c8   0x00000090   Code   RO          307    i.GPIO_PinRemapConfig  stm32f10x_gpio.o
    0x08002358   0x08002358   0x00000012   Code   RO          309    i.GPIO_ReadInputDataBit  stm32f10x_gpio.o
    0x0800236a   0x0800236a   0x00000004   Code   RO          312    i.GPIO_ResetBits    stm32f10x_gpio.o
    0x0800236e   0x0800236e   0x00000004   Code   RO          313    i.GPIO_SetBits      stm32f10x_gpio.o
    0x08002372   0x08002372   0x00000004   Code   RO          315    i.GPIO_Write        stm32f10x_gpio.o
    0x08002376   0x08002376   0x00000002   PAD
    0x08002378   0x08002378   0x00000384   Code   RO         3234    i.Greenhouse_Auto_Control  greenhouse_control.o
    0x080026fc   0x080026fc   0x00000138   Code   RO         3235    i.Greenhouse_Check_Alarms  greenhouse_control.o
    0x08002834   0x08002834   0x00001d5c   Code   RO         3237    i.Greenhouse_Handle_Bluetooth  greenhouse_control.o
    0x08004590   0x08004590   0x000001f0   Code   RO         3238    i.Greenhouse_Init   greenhouse_control.o
    0x08004780   0x08004780   0x00000154   Code   RO         3239    i.Greenhouse_Manual_Control  greenhouse_control.o
    0x080048d4   0x080048d4   0x0000014c   Code   RO         3240    i.Greenhouse_Process_Key  greenhouse_control.o
    0x08004a20   0x08004a20   0x00000108   Code   RO         3242    i.Greenhouse_Task   greenhouse_control.o
    0x08004b28   0x08004b28   0x00000058   Code   RO         3243    i.Greenhouse_Update_Device_Status  greenhouse_control.o
    0x08004b80   0x08004b80   0x00000010   Code   RO         3244    i.Greenhouse_Update_Display  greenhouse_control.o
    0x08004b90   0x08004b90   0x00000154   Code   RO         3245    i.Greenhouse_Update_Sensors  greenhouse_control.o
    0x08004ce4   0x08004ce4   0x00000074   Code   RO         3092    i.HC05_CFG_CMD      hc05.o
    0x08004d58   0x08004d58   0x00000018   Code   RO         3093    i.HC05_Get_Address  hc05.o
    0x08004d70   0x08004d70   0x00000018   Code   RO         3094    i.HC05_Get_Baud     hc05.o
    0x08004d88   0x08004d88   0x00000018   Code   RO         3095    i.HC05_Get_Class    hc05.o
    0x08004da0   0x08004da0   0x00000018   Code   RO         3096    i.HC05_Get_Name     hc05.o
    0x08004db8   0x08004db8   0x00000018   Code   RO         3097    i.HC05_Get_Pin      hc05.o
    0x08004dd0   0x08004dd0   0x000000a8   Code   RO         3098    i.HC05_Get_Role     hc05.o
    0x08004e78   0x08004e78   0x00000018   Code   RO         3099    i.HC05_Get_Version  hc05.o
    0x08004e90   0x08004e90   0x00000368   Code   RO         3100    i.HC05_Init         hc05.o
    0x080051f8   0x080051f8   0x00000018   Code   RO         3102    i.HC05_Reset        hc05.o
    0x08005210   0x08005210   0x000000a0   Code   RO         3106    i.HC05_Set_Cmd      hc05.o
    0x080052b0   0x080052b0   0x00000028   Code   RO         3107    i.HC05_Set_Name     hc05.o
    0x080052d8   0x080052d8   0x00000028   Code   RO         3108    i.HC05_Set_Pin      hc05.o
    0x08005300   0x08005300   0x00000024   Code   RO         3109    i.HC05_Set_Role     hc05.o
    0x08005324   0x08005324   0x00000010   Code   RO         3110    i.HC05_Test_AT      hc05.o
    0x08005334   0x08005334   0x00000004   Code   RO          178    i.HardFault_Handler  stm32f10x_it.o
    0x08005338   0x08005338   0x0000003c   Code   RO         3070    i.KEY_Init          key.o
    0x08005374   0x08005374   0x000000a0   Code   RO         3071    i.KEY_Scan          key.o
    0x08005414   0x08005414   0x00000048   Code   RO         3391    i.LCD_Clear         tftlcd.o
    0x0800545c   0x0800545c   0x00000048   Code   RO         3393    i.LCD_Display_Dir   tftlcd.o
    0x080054a4   0x080054a4   0x0000001c   Code   RO         3394    i.LCD_DrawFRONT_COLOR  tftlcd.o
    0x080054c0   0x080054c0   0x0000005c   Code   RO         3401    i.LCD_Fill          tftlcd.o
    0x0800551c   0x0800551c   0x0000000c   Code   RO         3404    i.LCD_ReadData      tftlcd.o
    0x08005528   0x08005528   0x0000004a   Code   RO         3407    i.LCD_Set_Window    tftlcd.o
    0x08005572   0x08005572   0x00000002   PAD
    0x08005574   0x08005574   0x00000128   Code   RO         3408    i.LCD_ShowChar      tftlcd.o
    0x0800569c   0x0800569c   0x00000066   Code   RO         3412    i.LCD_ShowString    tftlcd.o
    0x08005702   0x08005702   0x00000002   PAD
    0x08005704   0x08005704   0x0000000c   Code   RO         3414    i.LCD_WriteCmd      tftlcd.o
    0x08005710   0x08005710   0x0000000c   Code   RO         3416    i.LCD_WriteData     tftlcd.o
    0x0800571c   0x0800571c   0x00000010   Code   RO         3417    i.LCD_WriteData_Color  tftlcd.o
    0x0800572c   0x0800572c   0x00000020   Code   RO         2910    i.LED_Alarm_Set     led.o
    0x0800574c   0x0800574c   0x00000064   Code   RO         2911    i.LED_Init          led.o
    0x080057b0   0x080057b0   0x00000014   Code   RO         2914    i.LED_Light_Set     led.o
    0x080057c4   0x080057c4   0x00000120   Code   RO         2915    i.LED_Marquee_Update  led.o
    0x080058e4   0x080058e4   0x000000a0   Code   RO         2916    i.LED_Pump_Set      led.o
    0x08005984   0x08005984   0x00000014   Code   RO         2917    i.LED_System_Set    led.o
    0x08005998   0x08005998   0x00000018   Code   RO         2918    i.LED_System_Toggle  led.o
    0x080059b0   0x080059b0   0x00000030   Code   RO         2881    i.Lsens_Get_Adc     lsens.o
    0x080059e0   0x080059e0   0x00000034   Code   RO         2882    i.Lsens_Get_Val     lsens.o
    0x08005a14   0x08005a14   0x00000088   Code   RO         2883    i.Lsens_Init        lsens.o
    0x08005a9c   0x08005a9c   0x00000004   Code   RO          179    i.MemManage_Handler  stm32f10x_it.o
    0x08005aa0   0x08005aa0   0x00000002   Code   RO          180    i.NMI_Handler       stm32f10x_it.o
    0x08005aa2   0x08005aa2   0x00000002   PAD
    0x08005aa4   0x08005aa4   0x00000070   Code   RO          613    i.NVIC_Init         misc.o
    0x08005b14   0x08005b14   0x00000002   Code   RO          181    i.PendSV_Handler    stm32f10x_it.o
    0x08005b16   0x08005b16   0x00000002   PAD
    0x08005b18   0x08005b18   0x000000a8   Code   RO            1    i.Peripheral_Init   main.o
    0x08005bc0   0x08005bc0   0x00000020   Code   RO          414    i.RCC_AHBPeriphClockCmd  stm32f10x_rcc.o
    0x08005be0   0x08005be0   0x00000020   Code   RO          415    i.RCC_APB1PeriphClockCmd  stm32f10x_rcc.o
    0x08005c00   0x08005c00   0x00000020   Code   RO          417    i.RCC_APB2PeriphClockCmd  stm32f10x_rcc.o
    0x08005c20   0x08005c20   0x00000020   Code   RO          418    i.RCC_APB2PeriphResetCmd  stm32f10x_rcc.o
    0x08005c40   0x08005c40   0x000000d4   Code   RO          425    i.RCC_GetClocksFreq  stm32f10x_rcc.o
    0x08005d14   0x08005d14   0x00000066   Code   RO         3815    i.RGB_Blend_Colors  ws2812.o
    0x08005d7a   0x08005d7a   0x00000002   PAD
    0x08005d7c   0x08005d7c   0x00000048   Code   RO         3816    i.RGB_Clear_Buffer  ws2812.o
    0x08005dc4   0x08005dc4   0x00000068   Code   RO         3822    i.RGB_Greenhouse_Init  ws2812.o
    0x08005e2c   0x08005e2c   0x00000024   Code   RO         3825    i.RGB_LED_Clear     ws2812.o
    0x08005e50   0x08005e50   0x00000038   Code   RO         3827    i.RGB_LED_Init      ws2812.o
    0x08005e88   0x08005e88   0x00000020   Code   RO         3829    i.RGB_LED_Reset     ws2812.o
    0x08005ea8   0x08005ea8   0x00000080   Code   RO         3830    i.RGB_LED_Update    ws2812.o
    0x08005f28   0x08005f28   0x00000070   Code   RO         3831    i.RGB_LED_Write0    ws2812.o
    0x08005f98   0x08005f98   0x00000070   Code   RO         3832    i.RGB_LED_Write1    ws2812.o
    0x08006008   0x08006008   0x0000001c   Code   RO         3833    i.RGB_LED_Write_24Bits  ws2812.o
    0x08006024   0x08006024   0x00000026   Code   RO         3834    i.RGB_LED_Write_Byte  ws2812.o
    0x0800604a   0x0800604a   0x0000002c   Code   RO         3836    i.RGB_Set_All_Color  ws2812.o
    0x08006076   0x08006076   0x00000002   PAD
    0x08006078   0x08006078   0x00000010   Code   RO         3837    i.RGB_Set_Brightness  ws2812.o
    0x08006088   0x08006088   0x00000014   Code   RO         3838    i.RGB_Set_Display_Mode  ws2812.o
    0x0800609c   0x0800609c   0x00000040   Code   RO         3839    i.RGB_Set_Pixel     ws2812.o
    0x080060dc   0x080060dc   0x00000050   Code   RO         3842    i.RGB_Show_Check_Mark  ws2812.o
    0x0800612c   0x0800612c   0x00000050   Code   RO         3843    i.RGB_Show_Cross    ws2812.o
    0x0800617c   0x0800617c   0x00000050   Code   RO         3845    i.RGB_Show_Heart    ws2812.o
    0x080061cc   0x080061cc   0x00000074   Code   RO         3846    i.RGB_Show_Humidity  ws2812.o
    0x08006240   0x08006240   0x00000068   Code   RO         3847    i.RGB_Show_Light_Level  ws2812.o
    0x080062a8   0x080062a8   0x0000008c   Code   RO         3848    i.RGB_Show_Manual_Status_Face  ws2812.o
    0x08006334   0x08006334   0x00000050   Code   RO         3849    i.RGB_Show_Robot    ws2812.o
    0x08006384   0x08006384   0x00000050   Code   RO         3850    i.RGB_Show_Smiley   ws2812.o
    0x080063d4   0x080063d4   0x000000a8   Code   RO         3851    i.RGB_Show_System_Status  ws2812.o
    0x0800647c   0x0800647c   0x00000080   Code   RO         3852    i.RGB_Show_Temperature  ws2812.o
    0x080064fc   0x080064fc   0x00000014   Code   RO         3854    i.RGB_Start_Breathing_Animation  ws2812.o
    0x08006510   0x08006510   0x00000010   Code   RO         3855    i.RGB_Start_Rainbow_Animation  ws2812.o
    0x08006520   0x08006520   0x00000010   Code   RO         3856    i.RGB_Start_Water_Flow_Animation  ws2812.o
    0x08006530   0x08006530   0x00000010   Code   RO         2038    i.RTC_ClearITPendingBit  stm32f10x_rtc.o
    0x08006540   0x08006540   0x0000002c   Code   RO         3597    i.RTC_Format_Date   missing_functions_stub.o
    0x0800656c   0x0800656c   0x0000002c   Code   RO         3598    i.RTC_Format_Time   missing_functions_stub.o
    0x08006598   0x08006598   0x00000014   Code   RO         2041    i.RTC_GetCounter    stm32f10x_rtc.o
    0x080065ac   0x080065ac   0x00000024   Code   RO         2044    i.RTC_GetITStatus   stm32f10x_rtc.o
    0x080065d0   0x080065d0   0x00000030   Code   RO         3599    i.RTC_Get_Month_Days  missing_functions_stub.o
    0x08006600   0x08006600   0x00000016   Code   RO          182    i.RTC_IRQHandler    stm32f10x_it.o
    0x08006616   0x08006616   0x00000002   PAD
    0x08006618   0x08006618   0x000000c8   Code   RO         3602    i.RTC_Init          missing_functions_stub.o
    0x080066e0   0x080066e0   0x00000034   Code   RO         3603    i.RTC_Is_Leap_Year  missing_functions_stub.o
    0x08006714   0x08006714   0x00000184   Code   RO         3604    i.RTC_Process_Interrupt  missing_functions_stub.o
    0x08006898   0x08006898   0x0000010c   Code   RO         3607    i.RTC_Timer_Check   missing_functions_stub.o
    0x080069a4   0x080069a4   0x00000002   Code   RO          183    i.SVC_Handler       stm32f10x_it.o
    0x080069a6   0x080069a6   0x00000008   Code   RO         2720    i.SetSysClock       system_stm32f10x.o
    0x080069ae   0x080069ae   0x00000002   PAD
    0x080069b0   0x080069b0   0x000000e0   Code   RO         2721    i.SetSysClockTo72   system_stm32f10x.o
    0x08006a90   0x08006a90   0x00000028   Code   RO          617    i.SysTick_CLKSourceConfig  misc.o
    0x08006ab8   0x08006ab8   0x00000010   Code   RO          184    i.SysTick_Handler   stm32f10x_it.o
    0x08006ac8   0x08006ac8   0x0000003c   Code   RO         4108    i.SysTick_Init      systick.o
    0x08006b04   0x08006b04   0x00000060   Code   RO         2723    i.SystemInit        system_stm32f10x.o
    0x08006b64   0x08006b64   0x00000008   Code   RO            2    i.System_Clock_Init  main.o
    0x08006b6c   0x08006b6c   0x0000007e   Code   RO         3418    i.TFTLCD_FSMC_Init  tftlcd.o
    0x08006bea   0x08006bea   0x00000002   PAD
    0x08006bec   0x08006bec   0x00000098   Code   RO         3419    i.TFTLCD_GPIO_Init  tftlcd.o
    0x08006c84   0x08006c84   0x00000254   Code   RO         3420    i.TFTLCD_Init       tftlcd.o
    0x08006ed8   0x08006ed8   0x00000018   Code   RO          707    i.TIM_ARRPreloadConfig  stm32f10x_tim.o
    0x08006ef0   0x08006ef0   0x00000018   Code   RO          719    i.TIM_Cmd           stm32f10x_tim.o
    0x08006f08   0x08006f08   0x00000006   Code   RO          734    i.TIM_GetCapture1   stm32f10x_tim.o
    0x08006f0e   0x08006f0e   0x00000002   PAD
    0x08006f10   0x08006f10   0x00000098   Code   RO          748    i.TIM_OC1Init       stm32f10x_tim.o
    0x08006fa8   0x08006fa8   0x00000012   Code   RO          751    i.TIM_OC1PreloadConfig  stm32f10x_tim.o
    0x08006fba   0x08006fba   0x00000004   Code   RO          780    i.TIM_SetCompare1   stm32f10x_tim.o
    0x08006fbe   0x08006fbe   0x00000002   PAD
    0x08006fc0   0x08006fc0   0x000000a4   Code   RO          790    i.TIM_TimeBaseInit  stm32f10x_tim.o
    0x08007064   0x08007064   0x00000084   Code   RO         4138    i.USART1_IRQHandler  usart.o
    0x080070e8   0x080070e8   0x000000a0   Code   RO         4139    i.USART1_Init       usart.o
    0x08007188   0x08007188   0x00000084   Code   RO         4182    i.USART3_IRQHandler  usart3.o
    0x0800720c   0x0800720c   0x000000a8   Code   RO         4183    i.USART3_Init       usart3.o
    0x080072b4   0x080072b4   0x00000018   Code   RO         1255    i.USART_Cmd         stm32f10x_usart.o
    0x080072cc   0x080072cc   0x0000001a   Code   RO         1258    i.USART_GetFlagStatus  stm32f10x_usart.o
    0x080072e6   0x080072e6   0x0000004a   Code   RO         1261    i.USART_ITConfig    stm32f10x_usart.o
    0x08007330   0x08007330   0x000000d8   Code   RO         1262    i.USART_Init        stm32f10x_usart.o
    0x08007408   0x08007408   0x00000008   Code   RO         1272    i.USART_SendData    stm32f10x_usart.o
    0x08007410   0x08007410   0x00000004   Code   RO          185    i.UsageFault_Handler  stm32f10x_it.o
    0x08007414   0x08007414   0x00000020   Code   RO         4472    i.__0printf         mc_w.l(printfa.o)
    0x08007434   0x08007434   0x00000028   Code   RO         4474    i.__0sprintf        mc_w.l(printfa.o)
    0x0800745c   0x0800745c   0x00000024   Code   RO         4478    i.__0vsprintf       mc_w.l(printfa.o)
    0x08007480   0x08007480   0x00000008   Code   RO         4540    i.__aeabi_errno_addr  mc_w.l(errno.o)
    0x08007488   0x08007488   0x0000000e   Code   RO         4602    i.__scatterload_copy  mc_w.l(handlers.o)
    0x08007496   0x08007496   0x00000002   Code   RO         4603    i.__scatterload_null  mc_w.l(handlers.o)
    0x08007498   0x08007498   0x0000000e   Code   RO         4604    i.__scatterload_zeroinit  mc_w.l(handlers.o)
    0x080074a6   0x080074a6   0x00000002   PAD
    0x080074a8   0x080074a8   0x00000164   Code   RO         4479    i._fp_digits        mc_w.l(printfa.o)
    0x0800760c   0x0800760c   0x000006dc   Code   RO         4480    i._printf_core      mc_w.l(printfa.o)
    0x08007ce8   0x08007ce8   0x00000024   Code   RO         4481    i._printf_post_padding  mc_w.l(printfa.o)
    0x08007d0c   0x08007d0c   0x0000002e   Code   RO         4482    i._printf_pre_padding  mc_w.l(printfa.o)
    0x08007d3a   0x08007d3a   0x0000000a   Code   RO         4484    i._sputc            mc_w.l(printfa.o)
    0x08007d44   0x08007d44   0x0000004c   Code   RO         4109    i.delay_ms          systick.o
    0x08007d90   0x08007d90   0x0000004c   Code   RO         4110    i.delay_us          systick.o
    0x08007ddc   0x08007ddc   0x0000001c   Code   RO         4141    i.fputc             usart.o
    0x08007df8   0x08007df8   0x000006d4   Code   RO            3    i.main              main.o
    0x080084cc   0x080084cc   0x00000050   Code   RO         4184    i.u3_printf         usart3.o
    0x0800851c   0x0800851c   0x00004918   Data   RO         3421    .constdata          tftlcd.o
    0x0800ce34   0x0800ce34   0x0000000c   Data   RO         3609    .constdata          missing_functions_stub.o
    0x0800ce40   0x0800ce40   0x000000f5   Data   RO         3861    .constdata          ws2812.o
    0x0800cf35   0x0800cf35   0x00000081   Data   RO         4569    .constdata          mc_w.l(ctype_o.o)
    0x0800cfb6   0x0800cfb6   0x00000002   PAD
    0x0800cfb8   0x0800cfb8   0x00000004   Data   RO         4570    .constdata          mc_w.l(ctype_o.o)
    0x0800cfbc   0x0800cfbc   0x00000042   Data   RO         2781    .conststring        dht11.o
    0x0800cffe   0x0800cffe   0x00000002   PAD
    0x0800d000   0x0800d000   0x000001a8   Data   RO         3247    .conststring        greenhouse_control.o
    0x0800d1a8   0x0800d1a8   0x00000020   Data   RO         4600    Region$$Table       anon$$obj.o


    Execution Region RW_IRAM1 (Exec base: 0x20000000, Load base: 0x0800d1c8, Size: 0x000007f0, Max: 0x00010000, ABSOLUTE)

    Exec Addr    Load Addr    Size         Type   Attr      Idx    E Section Name        Object

    0x20000000   0x0800d1c8   0x00000005   Data   RW            4    .data               main.o
    0x20000005   0x0800d1cd   0x00000014   Data   RW          445    .data               stm32f10x_rcc.o
    0x20000019   0x0800d1e1   0x00000005   Data   RW         2919    .data               led.o
    0x2000001e   0x0800d1e6   0x00000002   PAD
    0x20000020   0x0800d1e8   0x00000008   Data   RW         3013    .data               beep.o
    0x20000028   0x0800d1f0   0x00000001   Data   RW         3072    .data               key.o
    0x20000029   0x0800d1f1   0x00000001   PAD
    0x2000002a   0x0800d1f2   0x00000007   Data   RW         3248    .data               greenhouse_control.o
    0x20000031   0x0800d1f9   0x00000003   PAD
    0x20000034   0x0800d1fc   0x0000000e   Data   RW         3355    .data               greenhouse_display.o
    0x20000042   0x0800d20a   0x0000000c   Data   RW         3422    .data               tftlcd.o
    0x2000004e   0x0800d216   0x00000002   PAD
    0x20000050   0x0800d218   0x00000034   Data   RW         3610    .data               missing_functions_stub.o
    0x20000084   0x0800d24c   0x00000002   Data   RW         3789    .data               fan_pwm.o
    0x20000086   0x0800d24e   0x00000002   PAD
    0x20000088   0x0800d250   0x00000012   Data   RW         3862    .data               ws2812.o
    0x2000009a   0x0800d262   0x00000002   PAD
    0x2000009c   0x0800d264   0x00000008   Data   RW         4111    .data               systick.o
    0x200000a4   0x0800d26c   0x00000006   Data   RW         4143    .data               usart.o
    0x200000aa   0x0800d272   0x00000002   Data   RW         4186    .data               usart3.o
    0x200000ac   0x0800d274   0x00000004   Data   RW         4543    .data               mc_w.l(errno.o)
    0x200000b0        -       0x00000044   Zero   RW         2780    .bss                dht11.o
    0x200000f4        -       0x000000a4   Zero   RW         3246    .bss                greenhouse_control.o
    0x20000198        -       0x00000060   Zero   RW         3608    .bss                missing_functions_stub.o
    0x200001f8        -       0x0000001c   Zero   RW         3702    .bss                data_logger.o
    0x20000214        -       0x0000004b   Zero   RW         3860    .bss                ws2812.o
    0x2000025f        -       0x000000c8   Zero   RW         4142    .bss                usart.o
    0x20000327        -       0x000000c8   Zero   RW         4185    .bss                usart3.o
    0x200003ef   0x0800d278   0x00000001   PAD
    0x200003f0        -       0x00000400   Zero   RW          291    STACK               startup_stm32f10x_hd.o


==============================================================================

Image component sizes


      Code (inc. data)   RO Data    RW Data    ZI Data      Debug   Object Name

       396         56          0          8          0       2706   beep.o
       984        196          0          0         28       8485   data_logger.o
       606        128         66          0         68       6466   dht11.o
       368        132          0          2          0       2015   fan_pwm.o
     10604       6190        424          7        164      12198   greenhouse_control.o
      2268        608          0         14          0       5753   greenhouse_display.o
      1616        842          0          0          0       8399   hc05.o
       220         22          0          1          0       1094   key.o
       868        424          0          5          0       4528   led.o
       236         14          0          0          0       1565   lsens.o
      1924       1286          0          5          0     279124   main.o
       152         12          0          0          0       1634   misc.o
      1480        660         12         52         96       7004   missing_functions_stub.o
        36          8        304          0       1024        820   startup_stm32f10x_hd.o
       486         24          0          0          0       8810   stm32f10x_adc.o
       318         32          0          0          0       4998   stm32f10x_flash.o
       282          6          0          0          0       1905   stm32f10x_fsmc.o
       452          6          0          0          0       5159   stm32f10x_gpio.o
        62          4          0          0          0       4139   stm32f10x_it.o
       340         44          0         20          0       5751   stm32f10x_rcc.o
        72         12          0          0          0       1663   stm32f10x_rtc.o
       392         62          0          0          0       4877   stm32f10x_tim.o
       348          6          0          0          0       4977   stm32f10x_usart.o
       328         28          0          0          0       1881   system_stm32f10x.o
       212         16          0          8          0       1951   systick.o
      1662        100      18712         12          0      10837   tftlcd.o
       320         24          0          6        200       4048   usart.o
       380         30          0          2        200       2916   usart3.o
      2072        164        245         18         75      18821   ws2812.o

    ----------------------------------------------------------------------
     29522      11136      19797        172       1856     424524   Object Totals
         0          0         32          0          0          0   (incl. Generated)
        38          0          2         12          1          0   (incl. Padding)

    ----------------------------------------------------------------------

      Code (inc. data)   RO Data    RW Data    ZI Data      Debug   Library Member Name

        28          0          0          0          0         68   _chval.o
       158          0          0          0          0         92   _strtoul.o
        26          0          0          0          0         80   atoi.o
         8          4        133          0          0         68   ctype_o.o
         0          0          0          0          0          0   entry.o
         0          0          0          0          0          0   entry10a.o
         0          0          0          0          0          0   entry11a.o
         8          4          0          0          0          0   entry2.o
         4          0          0          0          0          0   entry5.o
         0          0          0          0          0          0   entry7b.o
         0          0          0          0          0          0   entry8b.o
         8          4          0          0          0          0   entry9a.o
         8          4          0          4          0         68   errno.o
        30          0          0          0          0          0   handlers.o
        36          8          0          0          0         68   init.o
         0          0          0          0          0          0   iusefp.o
        30          0          0          0          0         68   llshl.o
        36          0          0          0          0         68   llsshr.o
        32          0          0          0          0         68   llushr.o
        36          0          0          0          0         68   memcpya.o
        36          0          0          0          0        108   memseta.o
      2312        102          0          0          0        676   printfa.o
        24          0          0          0          0         68   strcat.o
        18          0          0          0          0         68   strcpy.o
        14          0          0          0          0         68   strlen.o
        36          0          0          0          0         80   strstr.o
       112          0          0          0          0         88   strtol.o
        44          0          0          0          0         80   uidiv.o
        98          0          0          0          0         92   uldiv.o
        48          0          0          0          0         68   cdrcmple.o
       334          0          0          0          0        148   dadd.o
       222          0          0          0          0        100   ddiv.o
       186          0          0          0          0        176   depilogue.o
        48          0          0          0          0         68   dfixul.o
       228          0          0          0          0         96   dmul.o
        38          0          0          0          0         68   f2d.o

    ----------------------------------------------------------------------
      4250        126        135          4          0       2768   Library Totals
         4          0          2          0          0          0   (incl. Padding)

    ----------------------------------------------------------------------

      Code (inc. data)   RO Data    RW Data    ZI Data      Debug   Library Name

      3142        126        133          4          0       2044   mc_w.l
      1104          0          0          0          0        724   mf_w.l

    ----------------------------------------------------------------------
      4250        126        135          4          0       2768   Library Totals

    ----------------------------------------------------------------------

==============================================================================


      Code (inc. data)   RO Data    RW Data    ZI Data      Debug   

     33772      11262      19932        176       1856     416264   Grand Totals
     33772      11262      19932        176       1856     416264   ELF Image Totals
     33772      11262      19932        176          0          0   ROM Totals

==============================================================================

    Total RO  Size (Code + RO Data)                53704 (  52.45kB)
    Total RW  Size (RW Data + ZI Data)              2032 (   1.98kB)
    Total ROM Size (Code + RO Data + RW Data)      53880 (  52.62kB)

==============================================================================

